============================================
AlphaFold2 benchmark run
Job ID: 4079432
Node: acn11.karolina.it4i.cz
DATA_DIR: /scratch/project/open-35-8/pimenol1/af2_data
OUTPUT_DIR: /scratch/project/open-35-8/pimenol1/alphafold/benchmark_af2_outputs
CSV: /scratch/project/open-35-8/pimenol1/ProteinTTT/ProteinTTT_fresh/data/benchmark/summary.csv
============================================
[1] A0A6J5N0Y1 (62 aa) ...
[2] A5A3S1 (91 aa) ...
[3] A0A646QXE5 (89 aa) ...
[4] A0A7T0Q4S0 (126 aa) ...
[5] A0A8S5SDJ0 (82 aa) ...
[6] A0A516M7D4 (237 aa) ...
[7] A0A516MKW5 (55 aa) ...
[8] A0A8S5MJ79 (58 aa) ...
[9] A0A6J7WBC6 (64 aa) ...
[10] A0A6J5NLC8 (105 aa) ...
[11] A0A8S5PGQ8 (76 aa) ...
[12] A0A6J5LVF4 (283 aa) ...
[13] A0A6J7WGP0 (120 aa) ...
[14] A0A7M1RZN8 (84 aa) ...
[15] A0A8S5PEH1 (80 aa) ...
[16] A0A8S5S650 (72 aa) ...
[17] A0A6J5MWI1 (50 aa) ...
[18] A0A8S5TJ08 (255 aa) ...
[19] A0A2I7RXE1 (235 aa) ...
[20] A0A6M5CCM2 (233 aa) ...
[21] A0A7G7XYI3 (396 aa) ...
[22] A0A516M849 (240 aa) ...
[23] A0A873WTE6 (74 aa) ...
[24] A0A6J7X061 (55 aa) ...
[25] A0A385EDS0 (85 aa) ...
[26] A0A6J7WXJ4 (69 aa) ...
[27] A0A9E9FY57 (41 aa) ...
[28] A0A5C0CHJ0 (74 aa) ...
[29] A0A3G1L3G8 (114 aa) ...
[30] A0A6J7WFA3 (68 aa) ...
[31] A0A481ZBD9 (186 aa) ...
[32] A0A8S5RVI2 (143 aa) ...
[33] A0A8S5MKI5 (113 aa) ...
[34] A0A345AY83 (77 aa) ...
[35] A0A7G9V4P1 (116 aa) ...
[36] A0A1D8KSU4 (68 aa) ...
[37] A0A6J5LH40 (249 aa) ...
[38] A0A873WX46 (157 aa) ...
[39] A0A6J5LY96 (72 aa) ...
[40] A0A6J5REU2 (73 aa) ...
[41] A0A516KXX0 (59 aa) ...
[42] M1HQI4 (52 aa) ...
[43] A0A6J7WCN6 (134 aa) ...
[44] A0A2I7QNR7 (73 aa) ...
[45] A0A516KPU6 (54 aa) ...
[46] A0A096VQ52 (225 aa) ...
[47] A0A514CUI5 (101 aa) ...
[48] A0A5J6VL79 (61 aa) ...
[49] A0A8S5RWQ2 (82 aa) ...
[50] A0A2P1CCK1 (81 aa) ...
[51] A0A2R4ALD2 (50 aa) ...
[52] A0A8S5RVV5 (313 aa) ...
[53] A0A6J5KW40 (62 aa) ...
[54] A0A8S5NEQ6 (77 aa) ...
[55] A0A8S5TUA9 (44 aa) ...
[56] A0A7H0XFP0 (73 aa) ...
[57] A0A8S5NL17 (106 aa) ...
[58] A0A6J5LVS4 (59 aa) ...
[59] A0A6J5NYU7 (237 aa) ...
[60] V9QJW0 (104 aa) ...
[61] A0A8S5RV91 (201 aa) ...
[62] A0A6J5LPD9 (70 aa) ...
[63] A0A0A7RC04 (245 aa) ...
[64] A0A059T639 (89 aa) ...
[65] A0A0K1Y5V5 (328 aa) ...
[66] A0A248SK39 (51 aa) ...
[67] A0A8S5Q838 (51 aa) ...
[68] A0A6J7W4X6 (66 aa) ...
[69] A0A3G5AHB3 (164 aa) ...
[70] A0A8S5NPM4 (63 aa) ...
[71] V5L5Y1 (101 aa) ...
[72] A0A6J5NUH2 (119 aa) ...
[73] A0A7S5UV26 (115 aa) ...
[74] A0A140G6G5 (207 aa) ...
[75] A0A8S5QU80 (101 aa) ...
[76] R9RFX6 (193 aa) ...
[77] A0A6J5MMJ0 (309 aa) ...
[78] A0A385IRV1 (235 aa) ...
[79] A0A514A736 (82 aa) ...
[80] A0A8S5P4W8 (122 aa) ...
[81] A0A516LQB8 (129 aa) ...
[82] A0A0A0RSM0 (69 aa) ...
[83] A0A160DF05 (78 aa) ...
[84] A0A8S5NNS2 (45 aa) ...
[85] K4FET1 (80 aa) ...
[86] A0A6J7X5G4 (263 aa) ...
[87] A0A2H4YG65 (46 aa) ...
[88] A0A6J5KFU1 (66 aa) ...
[89] A0A516MBB3 (45 aa) ...
[90] F2Y2X0 (64 aa) ...
[91] A0A7M1CP40 (82 aa) ...
[92] A0A8S5P7E9 (60 aa) ...
[93] A0A6J5L4Y7 (88 aa) ...
[94] UPI0023294216 (56 aa) ...
[95] A0A1J0GP43 (69 aa) ...
[96] S0A3B0 (289 aa) ...
[97] A0A8S5N253 (94 aa) ...
[98] A0A5P8PST7 (92 aa) ...
[99] A0A6J7WB17 (50 aa) ...
[100] A0A516MPW0 (99 aa) ...
Job finished.
