============================================
AF2 baseline filter run
Job ID: 4114864
Node: acn14.karolina.it4i.cz
Python: /scratch/project/open-35-8/pimenol1/miniconda3/envs/alphafold_evottt/bin/python3 (Python 3.11.15)
============================================
[init] jax devices=[cuda(id=0)]
[init] imports done
Loaded 100 proteins from /scratch/project/open-35-8/data/bfvd/bfvd_beta/sample_100_proteins.csv
[1/100] Q38267 (len=63) ...
  pLDDT: 93.89  (67.5s)
  SKIP: pLDDT 93.89 >= 70
[2/100] A0A0U1UXW0 (len=295) ...
  pLDDT: 88.52  (76.5s)
  SKIP: pLDDT 88.52 >= 70
[3/100] A0A1W6I162 (len=187) ...
  pLDDT: 26.22  (66.2s)
  KEPT: pLDDT=26.22, not dynamic
[4/100] A0A868BQY3 (len=152) ...
  pLDDT: 91.99  (61.2s)
  SKIP: pLDDT 91.99 >= 70
[5/100] A0A5P1KV95 (len=211) ...
  pLDDT: 89.15  (69.7s)
  SKIP: pLDDT 89.15 >= 70
[6/100] Q98576 (len=146) ...
  pLDDT: 46.27  (66.8s)
  KEPT: pLDDT=46.27, not dynamic
[7/100] Q9J546 (len=156) ...
  pLDDT: 93.86  (61.5s)
  SKIP: pLDDT 93.86 >= 70
[8/100] G1JWD3 (len=232) ...
  pLDDT: 90.80  (65.6s)
  SKIP: pLDDT 90.80 >= 70
[9/100] Q6EDX8 (len=340) ...
  pLDDT: 81.79  (75.5s)
  SKIP: pLDDT 81.79 >= 70
[10/100] A0A059PY42 (len=380) ...
  pLDDT: 54.21  (79.7s)
  KEPT: pLDDT=54.21, not dynamic
[11/100] A0A2K8I3N9 (len=321) ...
  pLDDT: 78.30  (79.5s)
  SKIP: pLDDT 78.30 >= 70
[12/100] A0A0B4VFQ3 (len=241) ...
  pLDDT: 42.17  (73.9s)
  KEPT: pLDDT=42.17, not dynamic
[13/100] A4PE30 (len=339) ...
  pLDDT: 76.92  (81.5s)
  SKIP: pLDDT 76.92 >= 70
[14/100] P22955 (len=339) ...
  pLDDT: 82.70  (34.6s)
  SKIP: pLDDT 82.70 >= 70
[15/100] P0C799 (len=201) ...
  pLDDT: 73.73  (68.8s)
  SKIP: pLDDT 73.73 >= 70
[16/100] P05461 (len=244) ...
  pLDDT: 88.04  (67.9s)
  SKIP: pLDDT 88.04 >= 70
[17/100] O48504 (len=72) ...
  pLDDT: 94.44  (65.6s)
  SKIP: pLDDT 94.44 >= 70
[18/100] Q2LMB7 (len=76) ...
  pLDDT: 66.80  (63.1s)
  KEPT: pLDDT=66.80, not dynamic
[19/100] A0AA82WNZ9 (len=241) ...
  pLDDT: 80.38  (26.2s)
  SKIP: pLDDT 80.38 >= 70
[20/100] Q84629 (len=80) ...
  pLDDT: 79.35  (63.6s)
  SKIP: pLDDT 79.35 >= 70
[21/100] P68930 (len=293) ...
  pLDDT: 71.20  (79.8s)
  SKIP: pLDDT 71.20 >= 70
[22/100] A0A0B4N235 (len=267) ...
  pLDDT: 79.89  (75.8s)
  SKIP: pLDDT 79.89 >= 70
[23/100] Q8LTE3 (len=404) ...
  pLDDT: 94.64  (83.7s)
  SKIP: pLDDT 94.64 >= 70
[24/100] A0A3T0IGR7 (len=187) ...
  pLDDT: 92.52  (21.7s)
  SKIP: pLDDT 92.52 >= 70
[25/100] Q00844 (len=178) ...
  pLDDT: 87.82  (68.9s)
  SKIP: pLDDT 87.82 >= 70
[26/100] Q5YFK6 (len=146) ...
  pLDDT: 49.20  (19.2s)
  KEPT: pLDDT=49.20, not dynamic
[27/100] K7WK08 (len=466) ...
  pLDDT: 73.89  (100.1s)
  SKIP: pLDDT 73.89 >= 70
[28/100] B5SNS2 (len=348) ...
  pLDDT: 62.78  (74.4s)
  KEPT: pLDDT=62.78, not dynamic
[29/100] A7XXS2 (len=348) ...
  pLDDT: 87.29  (33.4s)
  SKIP: pLDDT 87.29 >= 70
[30/100] A0A7H0DN82 (len=210) ...
  pLDDT: 63.10  (71.7s)
  KEPT: pLDDT=63.10, not dynamic
[31/100] A0AAE8YCR4 (len=279) ...
  pLDDT: 86.35  (77.2s)
  SKIP: pLDDT 86.35 >= 70
[32/100] B2ZNQ1 (len=54) ...
  pLDDT: 63.48  (62.3s)
  KEPT: pLDDT=63.48, not dynamic
[33/100] Q76ZQ8 (len=164) ...
  pLDDT: 78.02  (66.8s)
  SKIP: pLDDT 78.02 >= 70
[34/100] Q98146 (len=342) ...
  pLDDT: 77.51  (84.2s)
  SKIP: pLDDT 77.51 >= 70
[35/100] A0A1S6L1H7 (len=107) ...
  pLDDT: 66.63  (71.4s)
  KEPT: pLDDT=66.63, not dynamic
[36/100] A0A9Y2YAG7 (len=57) ...
  pLDDT: 92.52  (69.0s)
  SKIP: pLDDT 92.52 >= 70
[37/100] Q84602 (len=378) ...
  pLDDT: 84.25  (89.5s)
  SKIP: pLDDT 84.25 >= 70
[38/100] A0A1C4HDK9 (len=340) ...
  pLDDT: 71.19  (32.8s)
  SKIP: pLDDT 71.19 >= 70
[39/100] Q8AZ32 (len=463) ...
  pLDDT: 55.92  (95.5s)
  KEPT: pLDDT=55.92, not dynamic
[40/100] P10217 (len=130) ...
  pLDDT: 73.28  (68.9s)
  SKIP: pLDDT 73.28 >= 70
[41/100] A0A1P7WG03 (len=185) ...
  pLDDT: 89.39  (64.6s)
  SKIP: pLDDT 89.39 >= 70
[42/100] A4ZFC4 (len=315) ...
  pLDDT: 85.85  (82.8s)
  SKIP: pLDDT 85.85 >= 70
[43/100] Q98530 (len=93) ...
  pLDDT: 78.82  (76.1s)
  SKIP: pLDDT 78.82 >= 70
[44/100] P17386 (len=149) ...
  pLDDT: 92.14  (64.8s)
  SKIP: pLDDT 92.14 >= 70
[45/100] P69717 (len=230) ...
  pLDDT: 57.60  (74.8s)
  KEPT: pLDDT=57.60, not dynamic
[46/100] G9BL35 (len=429) ...
  pLDDT: 72.27  (90.1s)
  SKIP: pLDDT 72.27 >= 70
[47/100] Q8B9Q8 (len=294) ...
  pLDDT: 56.13  (81.3s)
  KEPT: pLDDT=56.13, not dynamic
[48/100] F4YDQ3 (len=186) ...
  pLDDT: 96.63  (64.3s)
  SKIP: pLDDT 96.63 >= 70
[49/100] W8SPG9 (len=95) ...
  pLDDT: 93.07  (75.1s)
  SKIP: pLDDT 93.07 >= 70
[50/100] A0ABD6GMS1 (len=113) ...
  pLDDT: 93.14  (73.2s)
  SKIP: pLDDT 93.14 >= 70
[51/100] Q859Q3 (len=299) ...
  pLDDT: 85.86  (83.4s)
  SKIP: pLDDT 85.86 >= 70
[52/100] Q9XJQ6 (len=161) ...
  pLDDT: 79.59  (64.5s)
  SKIP: pLDDT 79.59 >= 70
[53/100] P06018 (len=241) ...
  pLDDT: 85.61  (26.1s)
  SKIP: pLDDT 85.61 >= 70
[54/100] M9NT01 (len=167) ...
  pLDDT: 89.94  (73.1s)
  SKIP: pLDDT 89.94 >= 70
[55/100] A0A2K8HWZ4 (len=183) ...
  pLDDT: 82.28  (64.7s)
  SKIP: pLDDT 82.28 >= 70
[56/100] A4ZFB9 (len=193) ...
  pLDDT: 73.41  (64.9s)
  SKIP: pLDDT 73.41 >= 70
[57/100] Q9T1V2 (len=360) ...
  pLDDT: 92.56  (83.8s)
  SKIP: pLDDT 92.56 >= 70
[58/100] K9L3Y2 (len=160) ...
  pLDDT: 83.59  (59.7s)
  SKIP: pLDDT 83.59 >= 70
[59/100] P69532 (len=112) ...
  pLDDT: 80.08  (76.7s)
  SKIP: pLDDT 80.08 >= 70
[60/100] P13314 (len=88) ...
  pLDDT: 92.11  (64.0s)
  SKIP: pLDDT 92.11 >= 70
[61/100] Q5YFQ1 (len=141) ...
  pLDDT: 77.63  (64.7s)
  SKIP: pLDDT 77.63 >= 70
[62/100] Q859Q5 (len=401) ...
  pLDDT: 75.07  (96.3s)
  SKIP: pLDDT 75.07 >= 70
[63/100] Q8LTE4 (len=269) ...
  pLDDT: 90.81  (72.5s)
  SKIP: pLDDT 90.81 >= 70
[64/100] F8VBM8 (len=412) ...
  pLDDT: 85.75  (80.7s)
  SKIP: pLDDT 85.75 >= 70
[65/100] D3WAF4 (len=43) ...
  pLDDT: 90.28  (70.9s)
  SKIP: pLDDT 90.28 >= 70
[66/100] P0C9B9 (len=273) ...
  pLDDT: 95.22  (73.1s)
  SKIP: pLDDT 95.22 >= 70
[67/100] Q49QI2 (len=63) ...
  pLDDT: 81.43  (14.3s)
  SKIP: pLDDT 81.43 >= 70
[68/100] J9QE20 (len=209) ...
  pLDDT: 79.29  (77.0s)
  SKIP: pLDDT 79.29 >= 70
[69/100] A0A1C7A3R7 (len=146) ...
  pLDDT: 80.94  (19.2s)
  SKIP: pLDDT 80.94 >= 70
[70/100] Q8SDC7 (len=271) ...
  pLDDT: 58.14  (71.8s)
  KEPT: pLDDT=58.14, not dynamic
[71/100] Q77WJ4 (len=305) ...
  pLDDT: 87.97  (75.1s)
  SKIP: pLDDT 87.97 >= 70
[72/100] Q775D8 (len=328) ...
  pLDDT: 91.07  (82.9s)
  SKIP: pLDDT 91.07 >= 70
[73/100] A0A410N6T9 (len=396) ...
  pLDDT: 72.93  (79.2s)
  SKIP: pLDDT 72.93 >= 70
[74/100] A0A3S9W0Y3 (len=260) ...
  pLDDT: 81.85  (66.4s)
  SKIP: pLDDT 81.85 >= 70
[75/100] P42488 (len=80) ...
  pLDDT: 79.73  (14.4s)
  SKIP: pLDDT 79.73 >= 70
[76/100] P25214 (len=301) ...
  pLDDT: 85.53  (85.3s)
  SKIP: pLDDT 85.53 >= 70
[77/100] P03751 (len=99) ...
  pLDDT: 62.25  (68.3s)
  KEPT: pLDDT=62.25, not dynamic
[78/100] A3EXD6 (len=220) ...
  pLDDT: 76.53  (63.3s)
  SKIP: pLDDT 76.53 >= 70
[79/100] A0A2I2L5I9 (len=278) ...
  pLDDT: 95.87  (83.9s)
  SKIP: pLDDT 95.87 >= 70
[80/100] A4ZFD4 (len=390) ...
  pLDDT: 74.02  (84.7s)
  SKIP: pLDDT 74.02 >= 70
[81/100] O41078 (len=142) ...
  pLDDT: 96.66  (63.8s)
  SKIP: pLDDT 96.66 >= 70
[82/100] A0A345GU12 (len=206) ...
  pLDDT: 85.02  (78.3s)
  SKIP: pLDDT 85.02 >= 70
[83/100] P42484 (len=147) ...
  pLDDT: 80.50  (63.4s)
  SKIP: pLDDT 80.50 >= 70
[84/100] Q8SD91 (len=394) ...
  pLDDT: 88.34  (85.5s)
  SKIP: pLDDT 88.34 >= 70
[85/100] A0A8X6EGU2 (len=163) ...
  pLDDT: 75.99  (64.6s)
  SKIP: pLDDT 75.99 >= 70
[86/100] Q89346 (len=403) ...
  pLDDT: 94.14  (99.7s)
  SKIP: pLDDT 94.14 >= 70
[87/100] A0MNG2 (len=346) ...
  pLDDT: 84.57  (79.4s)
  SKIP: pLDDT 84.57 >= 70
[88/100] A0A2K8HLW6 (len=116) ...
  pLDDT: 86.80  (65.7s)
  SKIP: pLDDT 86.80 >= 70
[89/100] Q8SD69 (len=435) ...
  pLDDT: 63.75  (103.8s)
  KEPT: pLDDT=63.75, not dynamic
[90/100] Q81424 (len=192) ...
  pLDDT: 81.64  (60.4s)
  SKIP: pLDDT 81.64 >= 70
[91/100] A0A6M3VZT9 (len=129) ...
  pLDDT: 81.94  (62.1s)
  SKIP: pLDDT 81.94 >= 70
[92/100] Q77J90 (len=289) ...
  pLDDT: 96.52  (73.2s)
  SKIP: pLDDT 96.52 >= 70
[93/100] A0A7H0DN11 (len=220) ...
  pLDDT: 69.38  (23.7s)
  KEPT: pLDDT=69.38, not dynamic
[94/100] P03296 (len=331) ...
  pLDDT: 83.21  (91.2s)
  SKIP: pLDDT 83.21 >= 70
[95/100] O41054 (len=181) ...
  pLDDT: 90.57  (64.1s)
  SKIP: pLDDT 90.57 >= 70
[96/100] P06226 (len=101) ...
  pLDDT: 86.83  (69.7s)
  SKIP: pLDDT 86.83 >= 70
[97/100] A0A2K9VK95 (len=367) ...
  pLDDT: 75.85  (96.2s)
  SKIP: pLDDT 75.85 >= 70
[98/100] Q8H9R5 (len=152) ...
  pLDDT: 88.34  (18.7s)
  SKIP: pLDDT 88.34 >= 70
[99/100] A0A0U1WF63 (len=348) ...
  pLDDT: 87.12  (33.5s)
  SKIP: pLDDT 87.12 >= 70
[100/100] A0A076V8I4 (len=176) ...
  pLDDT: 44.59  (60.3s)
  KEPT: pLDDT=44.59, not dynamic

=== Done: 18/100 proteins kept ===
PDBs: data/bfvd/AF2
Summary: data/bfvd/summary.csv
Job finished.
