2026-04-03 21:17:29,635 | INFO | Running predict with shape(feat) = {'aatype': (4, 63), 'atom14_atom_exists': (4, 63, 14), 'atom37_atom_exists': (4, 63, 37), 'bert_mask': (4, 508, 63), 'extra_deletion_value': (4, 5120, 63), 'extra_has_deletion': (4, 5120, 63), 'extra_msa': (4, 5120, 63), 'extra_msa_mask': (4, 5120, 63), 'extra_msa_row_mask': (4, 5120), 'is_distillation': (4,), 'msa_feat': (4, 508, 63, 49), 'msa_mask': (4, 508, 63), 'msa_row_mask': (4, 508), 'random_crop_to_size_seed': (4, 2), 'residue_index': (4, 63), 'residx_atom14_to_atom37': (4, 63, 14), 'residx_atom37_to_atom14': (4, 63, 37), 'seq_length': (4,), 'seq_mask': (4, 63), 'target_feat': (4, 63, 22), 'template_aatype': (4, 4, 63), 'template_all_atom_masks': (4, 4, 63, 37), 'template_all_atom_positions': (4, 4, 63, 37, 3), 'template_mask': (4, 4), 'template_pseudo_beta': (4, 4, 63, 3), 'template_pseudo_beta_mask': (4, 4, 63), 'template_sum_probs': (4, 4, 1), 'true_msa': (4, 508, 63)}
2026-04-03 21:18:36,664 | INFO | Output shape was {'aligned_confidence_probs': (63, 63, 64), 'distogram': {'bin_edges': (63,), 'logits': (63, 63, 64)}, 'experimentally_resolved': {'logits': (63, 37)}, 'masked_msa': {'logits': (508, 63, 23)}, 'max_predicted_aligned_error': (), 'plddt': (63,), 'predicted_aligned_error': (63, 63), 'predicted_lddt': {'logits': (63, 50)}, 'ptm': (), 'ranking_confidence': (), 'structure_module': {'final_atom_mask': (63, 37), 'final_atom_positions': (63, 37, 3)}}
2026-04-03 21:19:04,501 | INFO | step: 0, loss: None, ttt_step_time: 0.00000, eval_step_time: 26.35386, plddt: 92.82949
2026-04-03 21:19:45,203 | INFO | step: 1, loss: 0.43453, ttt_step_time: 37.40072, eval_step_time: 3.30130, plddt: 92.82949
2026-04-03 21:19:53,227 | INFO | step: 2, loss: 0.45885, ttt_step_time: 4.72521, eval_step_time: 3.29590, plddt: 92.79089
2026-04-03 21:20:01,298 | INFO | step: 3, loss: 0.46593, ttt_step_time: 4.73793, eval_step_time: 3.33233, plddt: 92.82013
2026-04-03 21:20:09,338 | INFO | step: 4, loss: 0.44679, ttt_step_time: 4.74107, eval_step_time: 3.29795, plddt: 92.86020
2026-04-03 21:20:17,376 | INFO | step: 5, loss: 0.38465, ttt_step_time: 4.73739, eval_step_time: 3.29951, plddt: 92.89903
2026-04-03 21:20:25,414 | INFO | step: 6, loss: 0.38160, ttt_step_time: 4.73757, eval_step_time: 3.29969, plddt: 92.93148
2026-04-03 21:20:33,453 | INFO | step: 7, loss: 0.37541, ttt_step_time: 4.72972, eval_step_time: 3.29728, plddt: 92.96469
2026-04-03 21:20:41,475 | INFO | step: 8, loss: 0.37901, ttt_step_time: 4.72928, eval_step_time: 3.29196, plddt: 92.98866
2026-04-03 21:20:49,499 | INFO | step: 9, loss: 0.37726, ttt_step_time: 4.72749, eval_step_time: 3.29589, plddt: 93.01191
2026-04-03 21:20:57,524 | INFO | step: 10, loss: 0.37813, ttt_step_time: 4.72840, eval_step_time: 3.29649, plddt: 93.03035
2026-04-03 21:21:05,580 | INFO | step: 11, loss: 0.37771, ttt_step_time: 4.76228, eval_step_time: 3.29305, plddt: 93.04839
2026-04-03 21:21:13,612 | INFO | step: 12, loss: 0.39381, ttt_step_time: 4.72700, eval_step_time: 3.29261, plddt: 93.06212
2026-04-03 21:21:21,632 | INFO | step: 13, loss: 0.34902, ttt_step_time: 4.72764, eval_step_time: 3.29074, plddt: 93.07393
2026-04-03 21:21:29,650 | INFO | step: 14, loss: 0.36064, ttt_step_time: 4.72697, eval_step_time: 3.29061, plddt: 93.08248
2026-04-03 21:21:37,677 | INFO | step: 15, loss: 0.39749, ttt_step_time: 4.73196, eval_step_time: 3.29289, plddt: 93.08719
2026-04-03 21:21:45,703 | INFO | step: 16, loss: 0.31824, ttt_step_time: 4.73142, eval_step_time: 3.29393, plddt: 93.09105
2026-04-03 21:21:53,734 | INFO | step: 17, loss: 0.37964, ttt_step_time: 4.73255, eval_step_time: 3.29751, plddt: 93.09253
2026-04-03 21:22:01,812 | INFO | step: 18, loss: 0.39906, ttt_step_time: 4.73543, eval_step_time: 3.33030, plddt: 93.09337
2026-04-03 21:22:09,843 | INFO | step: 19, loss: 0.36174, ttt_step_time: 4.73512, eval_step_time: 3.29608, plddt: 93.09426
2026-04-03 21:22:17,879 | INFO | step: 20, loss: 0.39265, ttt_step_time: 4.73633, eval_step_time: 3.29783, plddt: 93.09454
2026-04-03 21:22:19,130 | INFO | Running predict with shape(feat) = {'aatype': (4, 63), 'atom14_atom_exists': (4, 63, 14), 'atom37_atom_exists': (4, 63, 37), 'bert_mask': (4, 508, 63), 'extra_deletion_value': (4, 5120, 63), 'extra_has_deletion': (4, 5120, 63), 'extra_msa': (4, 5120, 63), 'extra_msa_mask': (4, 5120, 63), 'extra_msa_row_mask': (4, 5120), 'is_distillation': (4,), 'msa_feat': (4, 508, 63, 49), 'msa_mask': (4, 508, 63), 'msa_row_mask': (4, 508), 'random_crop_to_size_seed': (4, 2), 'residue_index': (4, 63), 'residx_atom14_to_atom37': (4, 63, 14), 'residx_atom37_to_atom14': (4, 63, 37), 'seq_length': (4,), 'seq_mask': (4, 63), 'target_feat': (4, 63, 22), 'template_aatype': (4, 4, 63), 'template_all_atom_masks': (4, 4, 63, 37), 'template_all_atom_positions': (4, 4, 63, 37, 3), 'template_mask': (4, 4), 'template_pseudo_beta': (4, 4, 63, 3), 'template_pseudo_beta_mask': (4, 4, 63), 'template_sum_probs': (4, 4, 1), 'true_msa': (4, 508, 63)}
2026-04-03 21:23:21,267 | INFO | Output shape was {'aligned_confidence_probs': (63, 63, 64), 'distogram': {'bin_edges': (63,), 'logits': (63, 63, 64)}, 'experimentally_resolved': {'logits': (63, 37)}, 'masked_msa': {'logits': (508, 63, 23)}, 'max_predicted_aligned_error': (), 'plddt': (63,), 'predicted_aligned_error': (63, 63), 'predicted_lddt': {'logits': (63, 50)}, 'ptm': (), 'ranking_confidence': (), 'structure_module': {'final_atom_mask': (63, 37), 'final_atom_positions': (63, 37, 3)}}
2026-04-03 21:23:22,532 | INFO | Running predict with shape(feat) = {'aatype': (4, 295), 'atom14_atom_exists': (4, 295, 14), 'atom37_atom_exists': (4, 295, 37), 'bert_mask': (4, 508, 295), 'extra_deletion_value': (4, 5120, 295), 'extra_has_deletion': (4, 5120, 295), 'extra_msa': (4, 5120, 295), 'extra_msa_mask': (4, 5120, 295), 'extra_msa_row_mask': (4, 5120), 'is_distillation': (4,), 'msa_feat': (4, 508, 295, 49), 'msa_mask': (4, 508, 295), 'msa_row_mask': (4, 508), 'random_crop_to_size_seed': (4, 2), 'residue_index': (4, 295), 'residx_atom14_to_atom37': (4, 295, 14), 'residx_atom37_to_atom14': (4, 295, 37), 'seq_length': (4,), 'seq_mask': (4, 295), 'target_feat': (4, 295, 22), 'template_aatype': (4, 4, 295), 'template_all_atom_masks': (4, 4, 295, 37), 'template_all_atom_positions': (4, 4, 295, 37, 3), 'template_mask': (4, 4), 'template_pseudo_beta': (4, 4, 295, 3), 'template_pseudo_beta_mask': (4, 4, 295), 'template_sum_probs': (4, 4, 1), 'true_msa': (4, 508, 295)}
2026-04-03 21:24:39,667 | INFO | Output shape was {'aligned_confidence_probs': (295, 295, 64), 'distogram': {'bin_edges': (63,), 'logits': (295, 295, 64)}, 'experimentally_resolved': {'logits': (295, 37)}, 'masked_msa': {'logits': (508, 295, 23)}, 'max_predicted_aligned_error': (), 'plddt': (295,), 'predicted_aligned_error': (295, 295), 'predicted_lddt': {'logits': (295, 50)}, 'ptm': (), 'ranking_confidence': (), 'structure_module': {'final_atom_mask': (295, 37), 'final_atom_positions': (295, 37, 3)}}
2026-04-03 21:25:09,602 | INFO | step: 0, loss: None, ttt_step_time: 0.00000, eval_step_time: 28.71743, plddt: 86.12035
E0403 21:25:52.873962 1387339 pjrt_stream_executor_client.cc:2809] Execution of replica 0 failed: RESOURCE_EXHAUSTED: Out of memory while trying to allocate 318263369832 bytes.
BufferAssignment OOM Debugging.
BufferAssignment stats:
             parameter allocation:  156.44MiB
              constant allocation:  694.06MiB
        maybe_live_out allocation:  144.00MiB
     preallocated temp allocation:  296.41GiB
                 total allocation:  297.38GiB
Peak buffers:
	Buffer 1:
		Size: 18.17GiB
		XLA Label: fusion
		Shape: f32[48,73,4,4,295,295]
		==========================

	Buffer 2:
		Size: 18.17GiB
		XLA Label: fusion
		Shape: f32[48,73,4,4,295,295]
		==========================

	Buffer 3:
		Size: 18.17GiB
		XLA Label: fusion
		Shape: f32[48,73,4,4,295,295]
		==========================

	Buffer 4:
		Size: 18.17GiB
		XLA Label: fusion
		Shape: f32[48,73,4,4,295,295]
		==========================

	Buffer 5:
		Size: 15.93GiB
		XLA Label: fusion
		Shape: f32[48,32,4,8,295,295]
		==========================

	Buffer 6:
		Size: 15.93GiB
		XLA Label: fusion
		Shape: f32[48,32,4,8,295,295]
		==========================

	Buffer 7:
		Size: 6.84GiB
		XLA Label: fusion
		Shape: f32[48,73,4,8,128,128]
		==========================

	Buffer 8:
		Size: 6.84GiB
		XLA Label: fusion
		Shape: f32[48,73,4,8,128,128]
		==========================

	Buffer 9:
		Size: 1.99GiB
		XLA Label: fusion
		Shape: f32[48,295,295,128]
		==========================

	Buffer 10:
		Size: 1.99GiB
		XLA Label: fusion
		Shape: f32[48,295,295,128]
		==========================

	Buffer 11:
		Size: 1.99GiB
		XLA Label: fusion
		Shape: f32[48,295,295,128]
		==========================

	Buffer 12:
		Size: 1.99GiB
		XLA Label: fusion
		Shape: f32[48,295,295,128]
		==========================

	Buffer 13:
		Size: 1.99GiB
		XLA Label: fusion
		Shape: f32[48,295,295,128]
		==========================

	Buffer 14:
		Size: 1.99GiB
		XLA Label: fusion
		Shape: f32[48,295,295,128]
		==========================

	Buffer 15:
		Size: 1.99GiB
		XLA Label: fusion
		Shape: f32[48,295,295,128]
		==========================


2026-04-03 21:25:54,150 | INFO | Running predict with shape(feat) = {'aatype': (4, 187), 'atom14_atom_exists': (4, 187, 14), 'atom37_atom_exists': (4, 187, 37), 'bert_mask': (4, 508, 187), 'extra_deletion_value': (4, 5120, 187), 'extra_has_deletion': (4, 5120, 187), 'extra_msa': (4, 5120, 187), 'extra_msa_mask': (4, 5120, 187), 'extra_msa_row_mask': (4, 5120), 'is_distillation': (4,), 'msa_feat': (4, 508, 187, 49), 'msa_mask': (4, 508, 187), 'msa_row_mask': (4, 508), 'random_crop_to_size_seed': (4, 2), 'residue_index': (4, 187), 'residx_atom14_to_atom37': (4, 187, 14), 'residx_atom37_to_atom14': (4, 187, 37), 'seq_length': (4,), 'seq_mask': (4, 187), 'target_feat': (4, 187, 22), 'template_aatype': (4, 4, 187), 'template_all_atom_masks': (4, 4, 187, 37), 'template_all_atom_positions': (4, 4, 187, 37, 3), 'template_mask': (4, 4), 'template_pseudo_beta': (4, 4, 187, 3), 'template_pseudo_beta_mask': (4, 4, 187), 'template_sum_probs': (4, 4, 1), 'true_msa': (4, 508, 187)}
2026-04-03 21:27:02,381 | INFO | Output shape was {'aligned_confidence_probs': (187, 187, 64), 'distogram': {'bin_edges': (63,), 'logits': (187, 187, 64)}, 'experimentally_resolved': {'logits': (187, 37)}, 'masked_msa': {'logits': (508, 187, 23)}, 'max_predicted_aligned_error': (), 'plddt': (187,), 'predicted_aligned_error': (187, 187), 'predicted_lddt': {'logits': (187, 50)}, 'ptm': (), 'ranking_confidence': (), 'structure_module': {'final_atom_mask': (187, 37), 'final_atom_positions': (187, 37, 3)}}
2026-04-03 21:27:31,837 | INFO | step: 0, loss: None, ttt_step_time: 0.00000, eval_step_time: 28.31897, plddt: 26.47067
E0403 21:29:13.373471 1387339 pjrt_stream_executor_client.cc:2809] Execution of replica 0 failed: RESOURCE_EXHAUSTED: CUDA driver ran out of memory trying to instantiate CUDA graph with 12 nodes and 0 conditionals (total of 0 alive CUDA graphs in the process). You can try to (a) Give more memory to CUDA driver by reducing XLA_PYTHON_CLIENT_MEM_FRACTION (b) Disable CUDA graph with 'XLA_FLAGS=--xla_gpu_enable_command_buffer=' (empty set). Original error: Failed to instantiate CUDA graph:CUDA_ERROR_OUT_OF_MEMORY: out of memory
2026-04-03 21:29:14,829 | INFO | Running predict with shape(feat) = {'aatype': (4, 152), 'atom14_atom_exists': (4, 152, 14), 'atom37_atom_exists': (4, 152, 37), 'bert_mask': (4, 508, 152), 'extra_deletion_value': (4, 5120, 152), 'extra_has_deletion': (4, 5120, 152), 'extra_msa': (4, 5120, 152), 'extra_msa_mask': (4, 5120, 152), 'extra_msa_row_mask': (4, 5120), 'is_distillation': (4,), 'msa_feat': (4, 508, 152, 49), 'msa_mask': (4, 508, 152), 'msa_row_mask': (4, 508), 'random_crop_to_size_seed': (4, 2), 'residue_index': (4, 152), 'residx_atom14_to_atom37': (4, 152, 14), 'residx_atom37_to_atom14': (4, 152, 37), 'seq_length': (4,), 'seq_mask': (4, 152), 'target_feat': (4, 152, 22), 'template_aatype': (4, 4, 152), 'template_all_atom_masks': (4, 4, 152, 37), 'template_all_atom_positions': (4, 4, 152, 37, 3), 'template_mask': (4, 4), 'template_pseudo_beta': (4, 4, 152, 3), 'template_pseudo_beta_mask': (4, 4, 152), 'template_sum_probs': (4, 4, 1), 'true_msa': (4, 508, 152)}
2026-04-03 21:30:18,000 | INFO | Output shape was {'aligned_confidence_probs': (152, 152, 64), 'distogram': {'bin_edges': (63,), 'logits': (152, 152, 64)}, 'experimentally_resolved': {'logits': (152, 37)}, 'masked_msa': {'logits': (508, 152, 23)}, 'max_predicted_aligned_error': (), 'plddt': (152,), 'predicted_aligned_error': (152, 152), 'predicted_lddt': {'logits': (152, 50)}, 'ptm': (), 'ranking_confidence': (), 'structure_module': {'final_atom_mask': (152, 37), 'final_atom_positions': (152, 37, 3)}}
2026-04-03 21:30:46,482 | INFO | step: 0, loss: None, ttt_step_time: 0.00000, eval_step_time: 26.99097, plddt: 90.00696
E0403 21:31:11.914441 1387339 pjrt_stream_executor_client.cc:2809] Execution of replica 0 failed: INTERNAL: Failed to allocate 12582912 bytes for new constant
2026-04-03 21:31:15,131 | INFO | Running predict with shape(feat) = {'aatype': (4, 211), 'atom14_atom_exists': (4, 211, 14), 'atom37_atom_exists': (4, 211, 37), 'bert_mask': (4, 508, 211), 'extra_deletion_value': (4, 5120, 211), 'extra_has_deletion': (4, 5120, 211), 'extra_msa': (4, 5120, 211), 'extra_msa_mask': (4, 5120, 211), 'extra_msa_row_mask': (4, 5120), 'is_distillation': (4,), 'msa_feat': (4, 508, 211, 49), 'msa_mask': (4, 508, 211), 'msa_row_mask': (4, 508), 'random_crop_to_size_seed': (4, 2), 'residue_index': (4, 211), 'residx_atom14_to_atom37': (4, 211, 14), 'residx_atom37_to_atom14': (4, 211, 37), 'seq_length': (4,), 'seq_mask': (4, 211), 'target_feat': (4, 211, 22), 'template_aatype': (4, 4, 211), 'template_all_atom_masks': (4, 4, 211, 37), 'template_all_atom_positions': (4, 4, 211, 37, 3), 'template_mask': (4, 4), 'template_pseudo_beta': (4, 4, 211, 3), 'template_pseudo_beta_mask': (4, 4, 211), 'template_sum_probs': (4, 4, 1), 'true_msa': (4, 508, 211)}
2026-04-03 21:32:26,522 | INFO | Output shape was {'aligned_confidence_probs': (211, 211, 64), 'distogram': {'bin_edges': (63,), 'logits': (211, 211, 64)}, 'experimentally_resolved': {'logits': (211, 37)}, 'masked_msa': {'logits': (508, 211, 23)}, 'max_predicted_aligned_error': (), 'plddt': (211,), 'predicted_aligned_error': (211, 211), 'predicted_lddt': {'logits': (211, 50)}, 'ptm': (), 'ranking_confidence': (), 'structure_module': {'final_atom_mask': (211, 37), 'final_atom_positions': (211, 37, 3)}}
2026-04-03 21:32:58,082 | INFO | step: 0, loss: None, ttt_step_time: 0.00000, eval_step_time: 30.24662, plddt: 84.59910
E0403 21:33:29.867582 1387339 pjrt_stream_executor_client.cc:2809] Execution of replica 0 failed: INTERNAL: Failed to allocate 12582912 bytes for new constant
2026-04-03 21:33:31,128 | INFO | Running predict with shape(feat) = {'aatype': (4, 146), 'atom14_atom_exists': (4, 146, 14), 'atom37_atom_exists': (4, 146, 37), 'bert_mask': (4, 508, 146), 'extra_deletion_value': (4, 5120, 146), 'extra_has_deletion': (4, 5120, 146), 'extra_msa': (4, 5120, 146), 'extra_msa_mask': (4, 5120, 146), 'extra_msa_row_mask': (4, 5120), 'is_distillation': (4,), 'msa_feat': (4, 508, 146, 49), 'msa_mask': (4, 508, 146), 'msa_row_mask': (4, 508), 'random_crop_to_size_seed': (4, 2), 'residue_index': (4, 146), 'residx_atom14_to_atom37': (4, 146, 14), 'residx_atom37_to_atom14': (4, 146, 37), 'seq_length': (4,), 'seq_mask': (4, 146), 'target_feat': (4, 146, 22), 'template_aatype': (4, 4, 146), 'template_all_atom_masks': (4, 4, 146, 37), 'template_all_atom_positions': (4, 4, 146, 37, 3), 'template_mask': (4, 4), 'template_pseudo_beta': (4, 4, 146, 3), 'template_pseudo_beta_mask': (4, 4, 146), 'template_sum_probs': (4, 4, 1), 'true_msa': (4, 508, 146)}
2026-04-03 21:34:41,718 | INFO | Output shape was {'aligned_confidence_probs': (146, 146, 64), 'distogram': {'bin_edges': (63,), 'logits': (146, 146, 64)}, 'experimentally_resolved': {'logits': (146, 37)}, 'masked_msa': {'logits': (508, 146, 23)}, 'max_predicted_aligned_error': (), 'plddt': (146,), 'predicted_aligned_error': (146, 146), 'predicted_lddt': {'logits': (146, 50)}, 'ptm': (), 'ranking_confidence': (), 'structure_module': {'final_atom_mask': (146, 37), 'final_atom_positions': (146, 37, 3)}}
2026-04-03 21:35:10,233 | INFO | step: 0, loss: None, ttt_step_time: 0.00000, eval_step_time: 27.31552, plddt: 48.56020
E0403 21:35:44.307760 1387339 pjrt_stream_executor_client.cc:2809] Execution of replica 0 failed: INTERNAL: Failed to allocate 12582912 bytes for new constant
2026-04-03 21:35:45,738 | INFO | Running predict with shape(feat) = {'aatype': (4, 156), 'atom14_atom_exists': (4, 156, 14), 'atom37_atom_exists': (4, 156, 37), 'bert_mask': (4, 508, 156), 'extra_deletion_value': (4, 5120, 156), 'extra_has_deletion': (4, 5120, 156), 'extra_msa': (4, 5120, 156), 'extra_msa_mask': (4, 5120, 156), 'extra_msa_row_mask': (4, 5120), 'is_distillation': (4,), 'msa_feat': (4, 508, 156, 49), 'msa_mask': (4, 508, 156), 'msa_row_mask': (4, 508), 'random_crop_to_size_seed': (4, 2), 'residue_index': (4, 156), 'residx_atom14_to_atom37': (4, 156, 14), 'residx_atom37_to_atom14': (4, 156, 37), 'seq_length': (4,), 'seq_mask': (4, 156), 'target_feat': (4, 156, 22), 'template_aatype': (4, 4, 156), 'template_all_atom_masks': (4, 4, 156, 37), 'template_all_atom_positions': (4, 4, 156, 37, 3), 'template_mask': (4, 4), 'template_pseudo_beta': (4, 4, 156, 3), 'template_pseudo_beta_mask': (4, 4, 156), 'template_sum_probs': (4, 4, 1), 'true_msa': (4, 508, 156)}
2026-04-03 21:36:51,064 | INFO | Output shape was {'aligned_confidence_probs': (156, 156, 64), 'distogram': {'bin_edges': (63,), 'logits': (156, 156, 64)}, 'experimentally_resolved': {'logits': (156, 37)}, 'masked_msa': {'logits': (508, 156, 23)}, 'max_predicted_aligned_error': (), 'plddt': (156,), 'predicted_aligned_error': (156, 156), 'predicted_lddt': {'logits': (156, 50)}, 'ptm': (), 'ranking_confidence': (), 'structure_module': {'final_atom_mask': (156, 37), 'final_atom_positions': (156, 37, 3)}}
2026-04-03 21:37:20,671 | INFO | step: 0, loss: None, ttt_step_time: 0.00000, eval_step_time: 28.26735, plddt: 92.99531
E0403 21:37:46.800709 1387339 pjrt_stream_executor_client.cc:2809] Execution of replica 0 failed: INTERNAL: Failed to allocate 12582912 bytes for new constant
2026-04-03 21:37:48,291 | INFO | Running predict with shape(feat) = {'aatype': (4, 232), 'atom14_atom_exists': (4, 232, 14), 'atom37_atom_exists': (4, 232, 37), 'bert_mask': (4, 508, 232), 'extra_deletion_value': (4, 5120, 232), 'extra_has_deletion': (4, 5120, 232), 'extra_msa': (4, 5120, 232), 'extra_msa_mask': (4, 5120, 232), 'extra_msa_row_mask': (4, 5120), 'is_distillation': (4,), 'msa_feat': (4, 508, 232, 49), 'msa_mask': (4, 508, 232), 'msa_row_mask': (4, 508), 'random_crop_to_size_seed': (4, 2), 'residue_index': (4, 232), 'residx_atom14_to_atom37': (4, 232, 14), 'residx_atom37_to_atom14': (4, 232, 37), 'seq_length': (4,), 'seq_mask': (4, 232), 'target_feat': (4, 232, 22), 'template_aatype': (4, 4, 232), 'template_all_atom_masks': (4, 4, 232, 37), 'template_all_atom_positions': (4, 4, 232, 37, 3), 'template_mask': (4, 4), 'template_pseudo_beta': (4, 4, 232, 3), 'template_pseudo_beta_mask': (4, 4, 232), 'template_sum_probs': (4, 4, 1), 'true_msa': (4, 508, 232)}
2026-04-03 21:38:57,245 | INFO | Output shape was {'aligned_confidence_probs': (232, 232, 64), 'distogram': {'bin_edges': (63,), 'logits': (232, 232, 64)}, 'experimentally_resolved': {'logits': (232, 37)}, 'masked_msa': {'logits': (508, 232, 23)}, 'max_predicted_aligned_error': (), 'plddt': (232,), 'predicted_aligned_error': (232, 232), 'predicted_lddt': {'logits': (232, 50)}, 'ptm': (), 'ranking_confidence': (), 'structure_module': {'final_atom_mask': (232, 37), 'final_atom_positions': (232, 37, 3)}}
2026-04-03 21:39:27,787 | INFO | step: 0, loss: None, ttt_step_time: 0.00000, eval_step_time: 29.08850, plddt: 84.94301
E0403 21:39:54.214588 1387339 pjrt_stream_executor_client.cc:2809] Execution of replica 0 failed: INTERNAL: Failed to allocate 12582912 bytes for new constant
2026-04-03 21:39:55,762 | INFO | Running predict with shape(feat) = {'aatype': (4, 340), 'atom14_atom_exists': (4, 340, 14), 'atom37_atom_exists': (4, 340, 37), 'bert_mask': (4, 508, 340), 'extra_deletion_value': (4, 5120, 340), 'extra_has_deletion': (4, 5120, 340), 'extra_msa': (4, 5120, 340), 'extra_msa_mask': (4, 5120, 340), 'extra_msa_row_mask': (4, 5120), 'is_distillation': (4,), 'msa_feat': (4, 508, 340, 49), 'msa_mask': (4, 508, 340), 'msa_row_mask': (4, 508), 'random_crop_to_size_seed': (4, 2), 'residue_index': (4, 340), 'residx_atom14_to_atom37': (4, 340, 14), 'residx_atom37_to_atom14': (4, 340, 37), 'seq_length': (4,), 'seq_mask': (4, 340), 'target_feat': (4, 340, 22), 'template_aatype': (4, 4, 340), 'template_all_atom_masks': (4, 4, 340, 37), 'template_all_atom_positions': (4, 4, 340, 37, 3), 'template_mask': (4, 4), 'template_pseudo_beta': (4, 4, 340, 3), 'template_pseudo_beta_mask': (4, 4, 340), 'template_sum_probs': (4, 4, 1), 'true_msa': (4, 508, 340)}
2026-04-03 21:41:14,656 | INFO | Output shape was {'aligned_confidence_probs': (340, 340, 64), 'distogram': {'bin_edges': (63,), 'logits': (340, 340, 64)}, 'experimentally_resolved': {'logits': (340, 37)}, 'masked_msa': {'logits': (508, 340, 23)}, 'max_predicted_aligned_error': (), 'plddt': (340,), 'predicted_aligned_error': (340, 340), 'predicted_lddt': {'logits': (340, 50)}, 'ptm': (), 'ranking_confidence': (), 'structure_module': {'final_atom_mask': (340, 37), 'final_atom_positions': (340, 37, 3)}}
2026-04-03 21:41:44,803 | INFO | step: 0, loss: None, ttt_step_time: 0.00000, eval_step_time: 28.62717, plddt: 65.04022
E0403 21:42:15.725579 1387339 pjrt_stream_executor_client.cc:2809] Execution of replica 0 failed: INTERNAL: Failed to allocate 12582912 bytes for new constant
2026-04-03 21:42:17,057 | INFO | Running predict with shape(feat) = {'aatype': (4, 380), 'atom14_atom_exists': (4, 380, 14), 'atom37_atom_exists': (4, 380, 37), 'bert_mask': (4, 508, 380), 'extra_deletion_value': (4, 5120, 380), 'extra_has_deletion': (4, 5120, 380), 'extra_msa': (4, 5120, 380), 'extra_msa_mask': (4, 5120, 380), 'extra_msa_row_mask': (4, 5120), 'is_distillation': (4,), 'msa_feat': (4, 508, 380, 49), 'msa_mask': (4, 508, 380), 'msa_row_mask': (4, 508), 'random_crop_to_size_seed': (4, 2), 'residue_index': (4, 380), 'residx_atom14_to_atom37': (4, 380, 14), 'residx_atom37_to_atom14': (4, 380, 37), 'seq_length': (4,), 'seq_mask': (4, 380), 'target_feat': (4, 380, 22), 'template_aatype': (4, 4, 380), 'template_all_atom_masks': (4, 4, 380, 37), 'template_all_atom_positions': (4, 4, 380, 37, 3), 'template_mask': (4, 4), 'template_pseudo_beta': (4, 4, 380, 3), 'template_pseudo_beta_mask': (4, 4, 380), 'template_sum_probs': (4, 4, 1), 'true_msa': (4, 508, 380)}
2026-04-03 21:43:40,025 | INFO | Output shape was {'aligned_confidence_probs': (380, 380, 64), 'distogram': {'bin_edges': (63,), 'logits': (380, 380, 64)}, 'experimentally_resolved': {'logits': (380, 37)}, 'masked_msa': {'logits': (508, 380, 23)}, 'max_predicted_aligned_error': (), 'plddt': (380,), 'predicted_aligned_error': (380, 380), 'predicted_lddt': {'logits': (380, 50)}, 'ptm': (), 'ranking_confidence': (), 'structure_module': {'final_atom_mask': (380, 37), 'final_atom_positions': (380, 37, 3)}}
2026-04-03 21:44:11,214 | INFO | step: 0, loss: None, ttt_step_time: 0.00000, eval_step_time: 29.98969, plddt: 61.40758
E0403 21:44:42.832602 1387339 pjrt_stream_executor_client.cc:2809] Execution of replica 0 failed: INTERNAL: Failed to allocate 12582912 bytes for new constant
2026-04-03 21:44:44,523 | INFO | Running predict with shape(feat) = {'aatype': (4, 321), 'atom14_atom_exists': (4, 321, 14), 'atom37_atom_exists': (4, 321, 37), 'bert_mask': (4, 508, 321), 'extra_deletion_value': (4, 5120, 321), 'extra_has_deletion': (4, 5120, 321), 'extra_msa': (4, 5120, 321), 'extra_msa_mask': (4, 5120, 321), 'extra_msa_row_mask': (4, 5120), 'is_distillation': (4,), 'msa_feat': (4, 508, 321, 49), 'msa_mask': (4, 508, 321), 'msa_row_mask': (4, 508), 'random_crop_to_size_seed': (4, 2), 'residue_index': (4, 321), 'residx_atom14_to_atom37': (4, 321, 14), 'residx_atom37_to_atom14': (4, 321, 37), 'seq_length': (4,), 'seq_mask': (4, 321), 'target_feat': (4, 321, 22), 'template_aatype': (4, 4, 321), 'template_all_atom_masks': (4, 4, 321, 37), 'template_all_atom_positions': (4, 4, 321, 37, 3), 'template_mask': (4, 4), 'template_pseudo_beta': (4, 4, 321, 3), 'template_pseudo_beta_mask': (4, 4, 321), 'template_sum_probs': (4, 4, 1), 'true_msa': (4, 508, 321)}
E0403 21:45:36.546132 1387339 pjrt_stream_executor_client.cc:2809] Execution of replica 0 failed: RESOURCE_EXHAUSTED: CUDA driver ran out of memory trying to instantiate CUDA graph with 429 nodes and 0 conditionals (total of 0 alive CUDA graphs in the process). You can try to (a) Give more memory to CUDA driver by reducing XLA_PYTHON_CLIENT_MEM_FRACTION (b) Disable CUDA graph with 'XLA_FLAGS=--xla_gpu_enable_command_buffer=' (empty set). Original error: Failed to instantiate CUDA graph:CUDA_ERROR_OUT_OF_MEMORY: out of memory
2026-04-03 21:46:09,086 | INFO | step: 0, loss: None, ttt_step_time: 0.00000, eval_step_time: 30.83319, plddt: 80.19171
E0403 21:46:45.487676 1387339 pjrt_stream_executor_client.cc:2809] Execution of replica 0 failed: INTERNAL: Failed to allocate 12582912 bytes for new constant
2026-04-03 21:46:46,837 | INFO | Running predict with shape(feat) = {'aatype': (4, 241), 'atom14_atom_exists': (4, 241, 14), 'atom37_atom_exists': (4, 241, 37), 'bert_mask': (4, 508, 241), 'extra_deletion_value': (4, 5120, 241), 'extra_has_deletion': (4, 5120, 241), 'extra_msa': (4, 5120, 241), 'extra_msa_mask': (4, 5120, 241), 'extra_msa_row_mask': (4, 5120), 'is_distillation': (4,), 'msa_feat': (4, 508, 241, 49), 'msa_mask': (4, 508, 241), 'msa_row_mask': (4, 508), 'random_crop_to_size_seed': (4, 2), 'residue_index': (4, 241), 'residx_atom14_to_atom37': (4, 241, 14), 'residx_atom37_to_atom14': (4, 241, 37), 'seq_length': (4,), 'seq_mask': (4, 241), 'target_feat': (4, 241, 22), 'template_aatype': (4, 4, 241), 'template_all_atom_masks': (4, 4, 241, 37), 'template_all_atom_positions': (4, 4, 241, 37, 3), 'template_mask': (4, 4), 'template_pseudo_beta': (4, 4, 241, 3), 'template_pseudo_beta_mask': (4, 4, 241), 'template_sum_probs': (4, 4, 1), 'true_msa': (4, 508, 241)}
E0403 21:47:38.372718 1387339 pjrt_stream_executor_client.cc:2809] Execution of replica 0 failed: RESOURCE_EXHAUSTED: CUDA driver ran out of memory trying to instantiate CUDA graph with 5 nodes and 0 conditionals (total of 0 alive CUDA graphs in the process). You can try to (a) Give more memory to CUDA driver by reducing XLA_PYTHON_CLIENT_MEM_FRACTION (b) Disable CUDA graph with 'XLA_FLAGS=--xla_gpu_enable_command_buffer=' (empty set). Original error: Failed to instantiate CUDA graph:CUDA_ERROR_OUT_OF_MEMORY: out of memory
2026-04-03 21:48:08,100 | INFO | step: 0, loss: None, ttt_step_time: 0.00000, eval_step_time: 28.51743, plddt: 35.17798
E0403 21:48:43.846663 1387339 pjrt_stream_executor_client.cc:2809] Execution of replica 0 failed: INTERNAL: Failed to allocate 12582912 bytes for new constant
2026-04-03 21:48:45,807 | INFO | Running predict with shape(feat) = {'aatype': (4, 339), 'atom14_atom_exists': (4, 339, 14), 'atom37_atom_exists': (4, 339, 37), 'bert_mask': (4, 508, 339), 'extra_deletion_value': (4, 5120, 339), 'extra_has_deletion': (4, 5120, 339), 'extra_msa': (4, 5120, 339), 'extra_msa_mask': (4, 5120, 339), 'extra_msa_row_mask': (4, 5120), 'is_distillation': (4,), 'msa_feat': (4, 508, 339, 49), 'msa_mask': (4, 508, 339), 'msa_row_mask': (4, 508), 'random_crop_to_size_seed': (4, 2), 'residue_index': (4, 339), 'residx_atom14_to_atom37': (4, 339, 14), 'residx_atom37_to_atom14': (4, 339, 37), 'seq_length': (4,), 'seq_mask': (4, 339), 'target_feat': (4, 339, 22), 'template_aatype': (4, 4, 339), 'template_all_atom_masks': (4, 4, 339, 37), 'template_all_atom_positions': (4, 4, 339, 37, 3), 'template_mask': (4, 4), 'template_pseudo_beta': (4, 4, 339, 3), 'template_pseudo_beta_mask': (4, 4, 339), 'template_sum_probs': (4, 4, 1), 'true_msa': (4, 508, 339)}
E0403 21:49:39.255136 1387339 pjrt_stream_executor_client.cc:2809] Execution of replica 0 failed: RESOURCE_EXHAUSTED: CUDA driver ran out of memory trying to instantiate CUDA graph with 12 nodes and 0 conditionals (total of 0 alive CUDA graphs in the process). You can try to (a) Give more memory to CUDA driver by reducing XLA_PYTHON_CLIENT_MEM_FRACTION (b) Disable CUDA graph with 'XLA_FLAGS=--xla_gpu_enable_command_buffer=' (empty set). Original error: Failed to instantiate CUDA graph:CUDA_ERROR_OUT_OF_MEMORY: out of memory
2026-04-03 21:50:13,070 | INFO | step: 0, loss: None, ttt_step_time: 0.00000, eval_step_time: 31.83538, plddt: 81.24343
E0403 21:50:46.487752 1387339 pjrt_stream_executor_client.cc:2809] Execution of replica 0 failed: INTERNAL: Failed to allocate 12582912 bytes for new constant
2026-04-03 21:50:48,198 | INFO | Running predict with shape(feat) = {'aatype': (4, 339), 'atom14_atom_exists': (4, 339, 14), 'atom37_atom_exists': (4, 339, 37), 'bert_mask': (4, 508, 339), 'extra_deletion_value': (4, 5120, 339), 'extra_has_deletion': (4, 5120, 339), 'extra_msa': (4, 5120, 339), 'extra_msa_mask': (4, 5120, 339), 'extra_msa_row_mask': (4, 5120), 'is_distillation': (4,), 'msa_feat': (4, 508, 339, 49), 'msa_mask': (4, 508, 339), 'msa_row_mask': (4, 508), 'random_crop_to_size_seed': (4, 2), 'residue_index': (4, 339), 'residx_atom14_to_atom37': (4, 339, 14), 'residx_atom37_to_atom14': (4, 339, 37), 'seq_length': (4,), 'seq_mask': (4, 339), 'target_feat': (4, 339, 22), 'template_aatype': (4, 4, 339), 'template_all_atom_masks': (4, 4, 339, 37), 'template_all_atom_positions': (4, 4, 339, 37, 3), 'template_mask': (4, 4), 'template_pseudo_beta': (4, 4, 339, 3), 'template_pseudo_beta_mask': (4, 4, 339), 'template_sum_probs': (4, 4, 1), 'true_msa': (4, 508, 339)}
E0403 21:51:37.952573 1387339 pjrt_stream_executor_client.cc:2809] Execution of replica 0 failed: RESOURCE_EXHAUSTED: CUDA driver ran out of memory trying to instantiate CUDA graph with 8 nodes and 0 conditionals (total of 0 alive CUDA graphs in the process). You can try to (a) Give more memory to CUDA driver by reducing XLA_PYTHON_CLIENT_MEM_FRACTION (b) Disable CUDA graph with 'XLA_FLAGS=--xla_gpu_enable_command_buffer=' (empty set). Original error: Failed to instantiate CUDA graph:CUDA_ERROR_OUT_OF_MEMORY: out of memory
E0403 21:51:39.618442 1387339 pjrt_stream_executor_client.cc:2809] Execution of replica 0 failed: RESOURCE_EXHAUSTED: CUDA driver ran out of memory trying to instantiate CUDA graph with 21 nodes and 0 conditionals (total of 0 alive CUDA graphs in the process). You can try to (a) Give more memory to CUDA driver by reducing XLA_PYTHON_CLIENT_MEM_FRACTION (b) Disable CUDA graph with 'XLA_FLAGS=--xla_gpu_enable_command_buffer=' (empty set). Original error: Failed to instantiate CUDA graph:CUDA_ERROR_OUT_OF_MEMORY: out of memory
2026-04-03 21:51:40,789 | INFO | Running predict with shape(feat) = {'aatype': (4, 201), 'atom14_atom_exists': (4, 201, 14), 'atom37_atom_exists': (4, 201, 37), 'bert_mask': (4, 508, 201), 'extra_deletion_value': (4, 5120, 201), 'extra_has_deletion': (4, 5120, 201), 'extra_msa': (4, 5120, 201), 'extra_msa_mask': (4, 5120, 201), 'extra_msa_row_mask': (4, 5120), 'is_distillation': (4,), 'msa_feat': (4, 508, 201, 49), 'msa_mask': (4, 508, 201), 'msa_row_mask': (4, 508), 'random_crop_to_size_seed': (4, 2), 'residue_index': (4, 201), 'residx_atom14_to_atom37': (4, 201, 14), 'residx_atom37_to_atom14': (4, 201, 37), 'seq_length': (4,), 'seq_mask': (4, 201), 'target_feat': (4, 201, 22), 'template_aatype': (4, 4, 201), 'template_all_atom_masks': (4, 4, 201, 37), 'template_all_atom_positions': (4, 4, 201, 37, 3), 'template_mask': (4, 4), 'template_pseudo_beta': (4, 4, 201, 3), 'template_pseudo_beta_mask': (4, 4, 201), 'template_sum_probs': (4, 4, 1), 'true_msa': (4, 508, 201)}
E0403 21:52:33.234665 1387339 pjrt_stream_executor_client.cc:2809] Execution of replica 0 failed: RESOURCE_EXHAUSTED: CUDA driver ran out of memory trying to instantiate CUDA graph with 21 nodes and 0 conditionals (total of 0 alive CUDA graphs in the process). You can try to (a) Give more memory to CUDA driver by reducing XLA_PYTHON_CLIENT_MEM_FRACTION (b) Disable CUDA graph with 'XLA_FLAGS=--xla_gpu_enable_command_buffer=' (empty set). Original error: Failed to instantiate CUDA graph:CUDA_ERROR_OUT_OF_MEMORY: out of memory
2026-04-03 21:53:06,576 | INFO | step: 0, loss: None, ttt_step_time: 0.00000, eval_step_time: 32.11407, plddt: 73.63480
E0403 21:53:38.497752 1387339 pjrt_stream_executor_client.cc:2809] Execution of replica 0 failed: INTERNAL: Failed to allocate 12582912 bytes for new constant
2026-04-03 21:53:39,867 | INFO | Running predict with shape(feat) = {'aatype': (4, 244), 'atom14_atom_exists': (4, 244, 14), 'atom37_atom_exists': (4, 244, 37), 'bert_mask': (4, 508, 244), 'extra_deletion_value': (4, 5120, 244), 'extra_has_deletion': (4, 5120, 244), 'extra_msa': (4, 5120, 244), 'extra_msa_mask': (4, 5120, 244), 'extra_msa_row_mask': (4, 5120), 'is_distillation': (4,), 'msa_feat': (4, 508, 244, 49), 'msa_mask': (4, 508, 244), 'msa_row_mask': (4, 508), 'random_crop_to_size_seed': (4, 2), 'residue_index': (4, 244), 'residx_atom14_to_atom37': (4, 244, 14), 'residx_atom37_to_atom14': (4, 244, 37), 'seq_length': (4,), 'seq_mask': (4, 244), 'target_feat': (4, 244, 22), 'template_aatype': (4, 4, 244), 'template_all_atom_masks': (4, 4, 244, 37), 'template_all_atom_positions': (4, 4, 244, 37, 3), 'template_mask': (4, 4), 'template_pseudo_beta': (4, 4, 244, 3), 'template_pseudo_beta_mask': (4, 4, 244), 'template_sum_probs': (4, 4, 1), 'true_msa': (4, 508, 244)}
E0403 21:54:28.844477 1387339 pjrt_stream_executor_client.cc:2809] Execution of replica 0 failed: RESOURCE_EXHAUSTED: CUDA driver ran out of memory trying to instantiate CUDA graph with 11 nodes and 0 conditionals (total of 0 alive CUDA graphs in the process). You can try to (a) Give more memory to CUDA driver by reducing XLA_PYTHON_CLIENT_MEM_FRACTION (b) Disable CUDA graph with 'XLA_FLAGS=--xla_gpu_enable_command_buffer=' (empty set). Original error: Failed to instantiate CUDA graph:CUDA_ERROR_OUT_OF_MEMORY: out of memory
2026-04-03 21:54:56,773 | INFO | step: 0, loss: None, ttt_step_time: 0.00000, eval_step_time: 26.62949, plddt: 87.28564
E0403 21:55:23.829751 1387339 pjrt_stream_executor_client.cc:2809] Execution of replica 0 failed: INTERNAL: Failed to allocate 12582912 bytes for new constant
2026-04-03 21:55:25,232 | INFO | Running predict with shape(feat) = {'aatype': (4, 72), 'atom14_atom_exists': (4, 72, 14), 'atom37_atom_exists': (4, 72, 37), 'bert_mask': (4, 508, 72), 'extra_deletion_value': (4, 5120, 72), 'extra_has_deletion': (4, 5120, 72), 'extra_msa': (4, 5120, 72), 'extra_msa_mask': (4, 5120, 72), 'extra_msa_row_mask': (4, 5120), 'is_distillation': (4,), 'msa_feat': (4, 508, 72, 49), 'msa_mask': (4, 508, 72), 'msa_row_mask': (4, 508), 'random_crop_to_size_seed': (4, 2), 'residue_index': (4, 72), 'residx_atom14_to_atom37': (4, 72, 14), 'residx_atom37_to_atom14': (4, 72, 37), 'seq_length': (4,), 'seq_mask': (4, 72), 'target_feat': (4, 72, 22), 'template_aatype': (4, 4, 72), 'template_all_atom_masks': (4, 4, 72, 37), 'template_all_atom_positions': (4, 4, 72, 37, 3), 'template_mask': (4, 4), 'template_pseudo_beta': (4, 4, 72, 3), 'template_pseudo_beta_mask': (4, 4, 72), 'template_sum_probs': (4, 4, 1), 'true_msa': (4, 508, 72)}
E0403 21:56:24.583333 1387339 pjrt_stream_executor_client.cc:2809] Execution of replica 0 failed: RESOURCE_EXHAUSTED: CUDA driver ran out of memory trying to instantiate CUDA graph with 8 nodes and 0 conditionals (total of 0 alive CUDA graphs in the process). You can try to (a) Give more memory to CUDA driver by reducing XLA_PYTHON_CLIENT_MEM_FRACTION (b) Disable CUDA graph with 'XLA_FLAGS=--xla_gpu_enable_command_buffer=' (empty set). Original error: Failed to instantiate CUDA graph:CUDA_ERROR_OUT_OF_MEMORY: out of memory
E0403 21:56:47.496261 1387339 pjrt_stream_executor_client.cc:2809] Execution of replica 0 failed: RESOURCE_EXHAUSTED: CUDA driver ran out of memory trying to instantiate CUDA graph with 422 nodes and 0 conditionals (total of 0 alive CUDA graphs in the process). You can try to (a) Give more memory to CUDA driver by reducing XLA_PYTHON_CLIENT_MEM_FRACTION (b) Disable CUDA graph with 'XLA_FLAGS=--xla_gpu_enable_command_buffer=' (empty set). Original error: Failed to instantiate CUDA graph:CUDA_ERROR_OUT_OF_MEMORY: out of memory
2026-04-03 21:56:48,639 | INFO | Running predict with shape(feat) = {'aatype': (4, 76), 'atom14_atom_exists': (4, 76, 14), 'atom37_atom_exists': (4, 76, 37), 'bert_mask': (4, 508, 76), 'extra_deletion_value': (4, 5120, 76), 'extra_has_deletion': (4, 5120, 76), 'extra_msa': (4, 5120, 76), 'extra_msa_mask': (4, 5120, 76), 'extra_msa_row_mask': (4, 5120), 'is_distillation': (4,), 'msa_feat': (4, 508, 76, 49), 'msa_mask': (4, 508, 76), 'msa_row_mask': (4, 508), 'random_crop_to_size_seed': (4, 2), 'residue_index': (4, 76), 'residx_atom14_to_atom37': (4, 76, 14), 'residx_atom37_to_atom14': (4, 76, 37), 'seq_length': (4,), 'seq_mask': (4, 76), 'target_feat': (4, 76, 22), 'template_aatype': (4, 4, 76), 'template_all_atom_masks': (4, 4, 76, 37), 'template_all_atom_positions': (4, 4, 76, 37, 3), 'template_mask': (4, 4), 'template_pseudo_beta': (4, 4, 76, 3), 'template_pseudo_beta_mask': (4, 4, 76), 'template_sum_probs': (4, 4, 1), 'true_msa': (4, 508, 76)}
E0403 21:57:48.433509 1387339 pjrt_stream_executor_client.cc:2809] Execution of replica 0 failed: RESOURCE_EXHAUSTED: CUDA driver ran out of memory trying to instantiate CUDA graph with 310 nodes and 0 conditionals (total of 0 alive CUDA graphs in the process). You can try to (a) Give more memory to CUDA driver by reducing XLA_PYTHON_CLIENT_MEM_FRACTION (b) Disable CUDA graph with 'XLA_FLAGS=--xla_gpu_enable_command_buffer=' (empty set). Original error: Failed to instantiate CUDA graph:CUDA_ERROR_OUT_OF_MEMORY: out of memory
E0403 21:58:11.302707 1387339 pjrt_stream_executor_client.cc:2809] Execution of replica 0 failed: RESOURCE_EXHAUSTED: CUDA driver ran out of memory trying to instantiate CUDA graph with 428 nodes and 0 conditionals (total of 0 alive CUDA graphs in the process). You can try to (a) Give more memory to CUDA driver by reducing XLA_PYTHON_CLIENT_MEM_FRACTION (b) Disable CUDA graph with 'XLA_FLAGS=--xla_gpu_enable_command_buffer=' (empty set). Original error: Failed to instantiate CUDA graph:CUDA_ERROR_OUT_OF_MEMORY: out of memory
2026-04-03 21:58:12,673 | INFO | Running predict with shape(feat) = {'aatype': (4, 241), 'atom14_atom_exists': (4, 241, 14), 'atom37_atom_exists': (4, 241, 37), 'bert_mask': (4, 508, 241), 'extra_deletion_value': (4, 5120, 241), 'extra_has_deletion': (4, 5120, 241), 'extra_msa': (4, 5120, 241), 'extra_msa_mask': (4, 5120, 241), 'extra_msa_row_mask': (4, 5120), 'is_distillation': (4,), 'msa_feat': (4, 508, 241, 49), 'msa_mask': (4, 508, 241), 'msa_row_mask': (4, 508), 'random_crop_to_size_seed': (4, 2), 'residue_index': (4, 241), 'residx_atom14_to_atom37': (4, 241, 14), 'residx_atom37_to_atom14': (4, 241, 37), 'seq_length': (4,), 'seq_mask': (4, 241), 'target_feat': (4, 241, 22), 'template_aatype': (4, 4, 241), 'template_all_atom_masks': (4, 4, 241, 37), 'template_all_atom_positions': (4, 4, 241, 37, 3), 'template_mask': (4, 4), 'template_pseudo_beta': (4, 4, 241, 3), 'template_pseudo_beta_mask': (4, 4, 241), 'template_sum_probs': (4, 4, 1), 'true_msa': (4, 508, 241)}
E0403 21:59:02.804372 1387339 pjrt_stream_executor_client.cc:2809] Execution of replica 0 failed: RESOURCE_EXHAUSTED: CUDA driver ran out of memory trying to instantiate CUDA graph with 12 nodes and 0 conditionals (total of 0 alive CUDA graphs in the process). You can try to (a) Give more memory to CUDA driver by reducing XLA_PYTHON_CLIENT_MEM_FRACTION (b) Disable CUDA graph with 'XLA_FLAGS=--xla_gpu_enable_command_buffer=' (empty set). Original error: Failed to instantiate CUDA graph:CUDA_ERROR_OUT_OF_MEMORY: out of memory
E0403 21:59:04.410683 1387339 pjrt_stream_executor_client.cc:2809] Execution of replica 0 failed: RESOURCE_EXHAUSTED: CUDA driver ran out of memory trying to instantiate CUDA graph with 21 nodes and 0 conditionals (total of 0 alive CUDA graphs in the process). You can try to (a) Give more memory to CUDA driver by reducing XLA_PYTHON_CLIENT_MEM_FRACTION (b) Disable CUDA graph with 'XLA_FLAGS=--xla_gpu_enable_command_buffer=' (empty set). Original error: Failed to instantiate CUDA graph:CUDA_ERROR_OUT_OF_MEMORY: out of memory
2026-04-03 21:59:05,584 | INFO | Running predict with shape(feat) = {'aatype': (4, 80), 'atom14_atom_exists': (4, 80, 14), 'atom37_atom_exists': (4, 80, 37), 'bert_mask': (4, 508, 80), 'extra_deletion_value': (4, 5120, 80), 'extra_has_deletion': (4, 5120, 80), 'extra_msa': (4, 5120, 80), 'extra_msa_mask': (4, 5120, 80), 'extra_msa_row_mask': (4, 5120), 'is_distillation': (4,), 'msa_feat': (4, 508, 80, 49), 'msa_mask': (4, 508, 80), 'msa_row_mask': (4, 508), 'random_crop_to_size_seed': (4, 2), 'residue_index': (4, 80), 'residx_atom14_to_atom37': (4, 80, 14), 'residx_atom37_to_atom14': (4, 80, 37), 'seq_length': (4,), 'seq_mask': (4, 80), 'target_feat': (4, 80, 22), 'template_aatype': (4, 4, 80), 'template_all_atom_masks': (4, 4, 80, 37), 'template_all_atom_positions': (4, 4, 80, 37, 3), 'template_mask': (4, 4), 'template_pseudo_beta': (4, 4, 80, 3), 'template_pseudo_beta_mask': (4, 4, 80), 'template_sum_probs': (4, 4, 1), 'true_msa': (4, 508, 80)}
E0403 22:00:05.745595 1387339 pjrt_stream_executor_client.cc:2809] Execution of replica 0 failed: RESOURCE_EXHAUSTED: CUDA driver ran out of memory trying to instantiate CUDA graph with 312 nodes and 0 conditionals (total of 0 alive CUDA graphs in the process). You can try to (a) Give more memory to CUDA driver by reducing XLA_PYTHON_CLIENT_MEM_FRACTION (b) Disable CUDA graph with 'XLA_FLAGS=--xla_gpu_enable_command_buffer=' (empty set). Original error: Failed to instantiate CUDA graph:CUDA_ERROR_OUT_OF_MEMORY: out of memory
E0403 22:00:28.606469 1387339 pjrt_stream_executor_client.cc:2809] Execution of replica 0 failed: RESOURCE_EXHAUSTED: CUDA driver ran out of memory trying to instantiate CUDA graph with 429 nodes and 0 conditionals (total of 0 alive CUDA graphs in the process). You can try to (a) Give more memory to CUDA driver by reducing XLA_PYTHON_CLIENT_MEM_FRACTION (b) Disable CUDA graph with 'XLA_FLAGS=--xla_gpu_enable_command_buffer=' (empty set). Original error: Failed to instantiate CUDA graph:CUDA_ERROR_OUT_OF_MEMORY: out of memory
2026-04-03 22:00:30,129 | INFO | Running predict with shape(feat) = {'aatype': (4, 293), 'atom14_atom_exists': (4, 293, 14), 'atom37_atom_exists': (4, 293, 37), 'bert_mask': (4, 508, 293), 'extra_deletion_value': (4, 5120, 293), 'extra_has_deletion': (4, 5120, 293), 'extra_msa': (4, 5120, 293), 'extra_msa_mask': (4, 5120, 293), 'extra_msa_row_mask': (4, 5120), 'is_distillation': (4,), 'msa_feat': (4, 508, 293, 49), 'msa_mask': (4, 508, 293), 'msa_row_mask': (4, 508), 'random_crop_to_size_seed': (4, 2), 'residue_index': (4, 293), 'residx_atom14_to_atom37': (4, 293, 14), 'residx_atom37_to_atom14': (4, 293, 37), 'seq_length': (4,), 'seq_mask': (4, 293), 'target_feat': (4, 293, 22), 'template_aatype': (4, 4, 293), 'template_all_atom_masks': (4, 4, 293, 37), 'template_all_atom_positions': (4, 4, 293, 37, 3), 'template_mask': (4, 4), 'template_pseudo_beta': (4, 4, 293, 3), 'template_pseudo_beta_mask': (4, 4, 293), 'template_sum_probs': (4, 4, 1), 'true_msa': (4, 508, 293)}
E0403 22:01:25.117262 1387339 pjrt_stream_executor_client.cc:2809] Execution of replica 0 failed: RESOURCE_EXHAUSTED: CUDA driver ran out of memory trying to instantiate CUDA graph with 414 nodes and 0 conditionals (total of 0 alive CUDA graphs in the process). You can try to (a) Give more memory to CUDA driver by reducing XLA_PYTHON_CLIENT_MEM_FRACTION (b) Disable CUDA graph with 'XLA_FLAGS=--xla_gpu_enable_command_buffer=' (empty set). Original error: Failed to instantiate CUDA graph:CUDA_ERROR_OUT_OF_MEMORY: out of memory
E0403 22:01:49.857428 1387339 pjrt_stream_executor_client.cc:2809] Execution of replica 0 failed: RESOURCE_EXHAUSTED: CUDA driver ran out of memory trying to instantiate CUDA graph with 431 nodes and 0 conditionals (total of 0 alive CUDA graphs in the process). You can try to (a) Give more memory to CUDA driver by reducing XLA_PYTHON_CLIENT_MEM_FRACTION (b) Disable CUDA graph with 'XLA_FLAGS=--xla_gpu_enable_command_buffer=' (empty set). Original error: Failed to instantiate CUDA graph:CUDA_ERROR_OUT_OF_MEMORY: out of memory
2026-04-03 22:01:51,321 | INFO | Running predict with shape(feat) = {'aatype': (4, 267), 'atom14_atom_exists': (4, 267, 14), 'atom37_atom_exists': (4, 267, 37), 'bert_mask': (4, 508, 267), 'extra_deletion_value': (4, 5120, 267), 'extra_has_deletion': (4, 5120, 267), 'extra_msa': (4, 5120, 267), 'extra_msa_mask': (4, 5120, 267), 'extra_msa_row_mask': (4, 5120), 'is_distillation': (4,), 'msa_feat': (4, 508, 267, 49), 'msa_mask': (4, 508, 267), 'msa_row_mask': (4, 508), 'random_crop_to_size_seed': (4, 2), 'residue_index': (4, 267), 'residx_atom14_to_atom37': (4, 267, 14), 'residx_atom37_to_atom14': (4, 267, 37), 'seq_length': (4,), 'seq_mask': (4, 267), 'target_feat': (4, 267, 22), 'template_aatype': (4, 4, 267), 'template_all_atom_masks': (4, 4, 267, 37), 'template_all_atom_positions': (4, 4, 267, 37, 3), 'template_mask': (4, 4), 'template_pseudo_beta': (4, 4, 267, 3), 'template_pseudo_beta_mask': (4, 4, 267), 'template_sum_probs': (4, 4, 1), 'true_msa': (4, 508, 267)}
E0403 22:02:46.404625 1387339 pjrt_stream_executor_client.cc:2809] Execution of replica 0 failed: RESOURCE_EXHAUSTED: CUDA driver ran out of memory trying to instantiate CUDA graph with 5 nodes and 0 conditionals (total of 0 alive CUDA graphs in the process). You can try to (a) Give more memory to CUDA driver by reducing XLA_PYTHON_CLIENT_MEM_FRACTION (b) Disable CUDA graph with 'XLA_FLAGS=--xla_gpu_enable_command_buffer=' (empty set). Original error: Failed to instantiate CUDA graph:CUDA_ERROR_OUT_OF_MEMORY: out of memory
E0403 22:03:11.411119 1387339 pjrt_stream_executor_client.cc:2809] Execution of replica 0 failed: RESOURCE_EXHAUSTED: CUDA driver ran out of memory trying to instantiate CUDA graph with 5 nodes and 0 conditionals (total of 0 alive CUDA graphs in the process). You can try to (a) Give more memory to CUDA driver by reducing XLA_PYTHON_CLIENT_MEM_FRACTION (b) Disable CUDA graph with 'XLA_FLAGS=--xla_gpu_enable_command_buffer=' (empty set). Original error: Failed to instantiate CUDA graph:CUDA_ERROR_OUT_OF_MEMORY: out of memory
2026-04-03 22:03:13,171 | INFO | Running predict with shape(feat) = {'aatype': (4, 404), 'atom14_atom_exists': (4, 404, 14), 'atom37_atom_exists': (4, 404, 37), 'bert_mask': (4, 508, 404), 'extra_deletion_value': (4, 5120, 404), 'extra_has_deletion': (4, 5120, 404), 'extra_msa': (4, 5120, 404), 'extra_msa_mask': (4, 5120, 404), 'extra_msa_row_mask': (4, 5120), 'is_distillation': (4,), 'msa_feat': (4, 508, 404, 49), 'msa_mask': (4, 508, 404), 'msa_row_mask': (4, 508), 'random_crop_to_size_seed': (4, 2), 'residue_index': (4, 404), 'residx_atom14_to_atom37': (4, 404, 14), 'residx_atom37_to_atom14': (4, 404, 37), 'seq_length': (4,), 'seq_mask': (4, 404), 'target_feat': (4, 404, 22), 'template_aatype': (4, 4, 404), 'template_all_atom_masks': (4, 4, 404, 37), 'template_all_atom_positions': (4, 4, 404, 37, 3), 'template_mask': (4, 4), 'template_pseudo_beta': (4, 4, 404, 3), 'template_pseudo_beta_mask': (4, 4, 404), 'template_sum_probs': (4, 4, 1), 'true_msa': (4, 508, 404)}
E0403 22:04:05.948136 1387339 pjrt_stream_executor_client.cc:2809] Execution of replica 0 failed: RESOURCE_EXHAUSTED: CUDA driver ran out of memory trying to instantiate CUDA graph with 390 nodes and 0 conditionals (total of 0 alive CUDA graphs in the process). You can try to (a) Give more memory to CUDA driver by reducing XLA_PYTHON_CLIENT_MEM_FRACTION (b) Disable CUDA graph with 'XLA_FLAGS=--xla_gpu_enable_command_buffer=' (empty set). Original error: Failed to instantiate CUDA graph:CUDA_ERROR_OUT_OF_MEMORY: out of memory
E0403 22:04:30.328746 1387339 pjrt_stream_executor_client.cc:2809] Execution of replica 0 failed: RESOURCE_EXHAUSTED: Failed to get module function:CUDA_ERROR_OUT_OF_MEMORY: out of memory
2026-04-03 22:04:32,794 | INFO | Running predict with shape(feat) = {'aatype': (4, 187), 'atom14_atom_exists': (4, 187, 14), 'atom37_atom_exists': (4, 187, 37), 'bert_mask': (4, 508, 187), 'extra_deletion_value': (4, 5120, 187), 'extra_has_deletion': (4, 5120, 187), 'extra_msa': (4, 5120, 187), 'extra_msa_mask': (4, 5120, 187), 'extra_msa_row_mask': (4, 5120), 'is_distillation': (4,), 'msa_feat': (4, 508, 187, 49), 'msa_mask': (4, 508, 187), 'msa_row_mask': (4, 508), 'random_crop_to_size_seed': (4, 2), 'residue_index': (4, 187), 'residx_atom14_to_atom37': (4, 187, 14), 'residx_atom37_to_atom14': (4, 187, 37), 'seq_length': (4,), 'seq_mask': (4, 187), 'target_feat': (4, 187, 22), 'template_aatype': (4, 4, 187), 'template_all_atom_masks': (4, 4, 187, 37), 'template_all_atom_positions': (4, 4, 187, 37, 3), 'template_mask': (4, 4), 'template_pseudo_beta': (4, 4, 187, 3), 'template_pseudo_beta_mask': (4, 4, 187), 'template_sum_probs': (4, 4, 1), 'true_msa': (4, 508, 187)}
E0403 22:05:25.297498 1387339 pjrt_stream_executor_client.cc:2809] Execution of replica 0 failed: RESOURCE_EXHAUSTED: CUDA driver ran out of memory trying to instantiate CUDA graph with 21 nodes and 0 conditionals (total of 0 alive CUDA graphs in the process). You can try to (a) Give more memory to CUDA driver by reducing XLA_PYTHON_CLIENT_MEM_FRACTION (b) Disable CUDA graph with 'XLA_FLAGS=--xla_gpu_enable_command_buffer=' (empty set). Original error: Failed to instantiate CUDA graph:CUDA_ERROR_OUT_OF_MEMORY: out of memory
E0403 22:05:28.536888 1387339 pjrt_stream_executor_client.cc:2809] Execution of replica 0 failed: RESOURCE_EXHAUSTED: CUDA driver ran out of memory trying to instantiate CUDA graph with 21 nodes and 0 conditionals (total of 0 alive CUDA graphs in the process). You can try to (a) Give more memory to CUDA driver by reducing XLA_PYTHON_CLIENT_MEM_FRACTION (b) Disable CUDA graph with 'XLA_FLAGS=--xla_gpu_enable_command_buffer=' (empty set). Original error: Failed to instantiate CUDA graph:CUDA_ERROR_OUT_OF_MEMORY: out of memory
2026-04-03 22:05:29,745 | INFO | Running predict with shape(feat) = {'aatype': (4, 178), 'atom14_atom_exists': (4, 178, 14), 'atom37_atom_exists': (4, 178, 37), 'bert_mask': (4, 508, 178), 'extra_deletion_value': (4, 5120, 178), 'extra_has_deletion': (4, 5120, 178), 'extra_msa': (4, 5120, 178), 'extra_msa_mask': (4, 5120, 178), 'extra_msa_row_mask': (4, 5120), 'is_distillation': (4,), 'msa_feat': (4, 508, 178, 49), 'msa_mask': (4, 508, 178), 'msa_row_mask': (4, 508), 'random_crop_to_size_seed': (4, 2), 'residue_index': (4, 178), 'residx_atom14_to_atom37': (4, 178, 14), 'residx_atom37_to_atom14': (4, 178, 37), 'seq_length': (4,), 'seq_mask': (4, 178), 'target_feat': (4, 178, 22), 'template_aatype': (4, 4, 178), 'template_all_atom_masks': (4, 4, 178, 37), 'template_all_atom_positions': (4, 4, 178, 37, 3), 'template_mask': (4, 4), 'template_pseudo_beta': (4, 4, 178, 3), 'template_pseudo_beta_mask': (4, 4, 178), 'template_sum_probs': (4, 4, 1), 'true_msa': (4, 508, 178)}
E0403 22:06:16.220756 1387339 pjrt_stream_executor_client.cc:2809] Execution of replica 0 failed: RESOURCE_EXHAUSTED: CUDA driver ran out of memory trying to instantiate CUDA graph with 10 nodes and 0 conditionals (total of 0 alive CUDA graphs in the process). You can try to (a) Give more memory to CUDA driver by reducing XLA_PYTHON_CLIENT_MEM_FRACTION (b) Disable CUDA graph with 'XLA_FLAGS=--xla_gpu_enable_command_buffer=' (empty set). Original error: Failed to instantiate CUDA graph:CUDA_ERROR_OUT_OF_MEMORY: out of memory
E0403 22:06:47.917479 1387339 pjrt_stream_executor_client.cc:2809] Execution of replica 0 failed: RESOURCE_EXHAUSTED: CUDA driver ran out of memory trying to instantiate CUDA graph with 12 nodes and 0 conditionals (total of 0 alive CUDA graphs in the process). You can try to (a) Give more memory to CUDA driver by reducing XLA_PYTHON_CLIENT_MEM_FRACTION (b) Disable CUDA graph with 'XLA_FLAGS=--xla_gpu_enable_command_buffer=' (empty set). Original error: Failed to instantiate CUDA graph:CUDA_ERROR_OUT_OF_MEMORY: out of memory
2026-04-03 22:06:49,319 | INFO | Running predict with shape(feat) = {'aatype': (4, 146), 'atom14_atom_exists': (4, 146, 14), 'atom37_atom_exists': (4, 146, 37), 'bert_mask': (4, 508, 146), 'extra_deletion_value': (4, 5120, 146), 'extra_has_deletion': (4, 5120, 146), 'extra_msa': (4, 5120, 146), 'extra_msa_mask': (4, 5120, 146), 'extra_msa_row_mask': (4, 5120), 'is_distillation': (4,), 'msa_feat': (4, 508, 146, 49), 'msa_mask': (4, 508, 146), 'msa_row_mask': (4, 508), 'random_crop_to_size_seed': (4, 2), 'residue_index': (4, 146), 'residx_atom14_to_atom37': (4, 146, 14), 'residx_atom37_to_atom14': (4, 146, 37), 'seq_length': (4,), 'seq_mask': (4, 146), 'target_feat': (4, 146, 22), 'template_aatype': (4, 4, 146), 'template_all_atom_masks': (4, 4, 146, 37), 'template_all_atom_positions': (4, 4, 146, 37, 3), 'template_mask': (4, 4), 'template_pseudo_beta': (4, 4, 146, 3), 'template_pseudo_beta_mask': (4, 4, 146), 'template_sum_probs': (4, 4, 1), 'true_msa': (4, 508, 146)}
E0403 22:07:35.665017 1387339 pjrt_stream_executor_client.cc:2809] Execution of replica 0 failed: RESOURCE_EXHAUSTED: CUDA driver ran out of memory trying to instantiate CUDA graph with 10 nodes and 0 conditionals (total of 0 alive CUDA graphs in the process). You can try to (a) Give more memory to CUDA driver by reducing XLA_PYTHON_CLIENT_MEM_FRACTION (b) Disable CUDA graph with 'XLA_FLAGS=--xla_gpu_enable_command_buffer=' (empty set). Original error: Failed to instantiate CUDA graph:CUDA_ERROR_OUT_OF_MEMORY: out of memory
E0403 22:07:37.000891 1387339 pjrt_stream_executor_client.cc:2809] Execution of replica 0 failed: RESOURCE_EXHAUSTED: CUDA driver ran out of memory trying to instantiate CUDA graph with 8 nodes and 0 conditionals (total of 0 alive CUDA graphs in the process). You can try to (a) Give more memory to CUDA driver by reducing XLA_PYTHON_CLIENT_MEM_FRACTION (b) Disable CUDA graph with 'XLA_FLAGS=--xla_gpu_enable_command_buffer=' (empty set). Original error: Failed to instantiate CUDA graph:CUDA_ERROR_OUT_OF_MEMORY: out of memory
2026-04-03 22:07:43,734 | INFO | Running predict with shape(feat) = {'aatype': (4, 466), 'atom14_atom_exists': (4, 466, 14), 'atom37_atom_exists': (4, 466, 37), 'bert_mask': (4, 508, 466), 'extra_deletion_value': (4, 5120, 466), 'extra_has_deletion': (4, 5120, 466), 'extra_msa': (4, 5120, 466), 'extra_msa_mask': (4, 5120, 466), 'extra_msa_row_mask': (4, 5120), 'is_distillation': (4,), 'msa_feat': (4, 508, 466, 49), 'msa_mask': (4, 508, 466), 'msa_row_mask': (4, 508), 'random_crop_to_size_seed': (4, 2), 'residue_index': (4, 466), 'residx_atom14_to_atom37': (4, 466, 14), 'residx_atom37_to_atom14': (4, 466, 37), 'seq_length': (4,), 'seq_mask': (4, 466), 'target_feat': (4, 466, 22), 'template_aatype': (4, 4, 466), 'template_all_atom_masks': (4, 4, 466, 37), 'template_all_atom_positions': (4, 4, 466, 37, 3), 'template_mask': (4, 4), 'template_pseudo_beta': (4, 4, 466, 3), 'template_pseudo_beta_mask': (4, 4, 466), 'template_sum_probs': (4, 4, 1), 'true_msa': (4, 508, 466)}
E0403 22:08:33.914614 1387339 pjrt_stream_executor_client.cc:2809] Execution of replica 0 failed: RESOURCE_EXHAUSTED: CUDA driver ran out of memory trying to instantiate CUDA graph with 7 nodes and 0 conditionals (total of 0 alive CUDA graphs in the process). You can try to (a) Give more memory to CUDA driver by reducing XLA_PYTHON_CLIENT_MEM_FRACTION (b) Disable CUDA graph with 'XLA_FLAGS=--xla_gpu_enable_command_buffer=' (empty set). Original error: Failed to instantiate CUDA graph:CUDA_ERROR_OUT_OF_MEMORY: out of memory
E0403 22:09:05.931966 1387339 pjrt_stream_executor_client.cc:2809] Execution of replica 0 failed: RESOURCE_EXHAUSTED: CUDA driver ran out of memory trying to instantiate CUDA graph with 12 nodes and 0 conditionals (total of 0 alive CUDA graphs in the process). You can try to (a) Give more memory to CUDA driver by reducing XLA_PYTHON_CLIENT_MEM_FRACTION (b) Disable CUDA graph with 'XLA_FLAGS=--xla_gpu_enable_command_buffer=' (empty set). Original error: Failed to instantiate CUDA graph:CUDA_ERROR_OUT_OF_MEMORY: out of memory
2026-04-03 22:09:07,287 | INFO | Running predict with shape(feat) = {'aatype': (4, 348), 'atom14_atom_exists': (4, 348, 14), 'atom37_atom_exists': (4, 348, 37), 'bert_mask': (4, 508, 348), 'extra_deletion_value': (4, 5120, 348), 'extra_has_deletion': (4, 5120, 348), 'extra_msa': (4, 5120, 348), 'extra_msa_mask': (4, 5120, 348), 'extra_msa_row_mask': (4, 5120), 'is_distillation': (4,), 'msa_feat': (4, 508, 348, 49), 'msa_mask': (4, 508, 348), 'msa_row_mask': (4, 508), 'random_crop_to_size_seed': (4, 2), 'residue_index': (4, 348), 'residx_atom14_to_atom37': (4, 348, 14), 'residx_atom37_to_atom14': (4, 348, 37), 'seq_length': (4,), 'seq_mask': (4, 348), 'target_feat': (4, 348, 22), 'template_aatype': (4, 4, 348), 'template_all_atom_masks': (4, 4, 348, 37), 'template_all_atom_positions': (4, 4, 348, 37, 3), 'template_mask': (4, 4), 'template_pseudo_beta': (4, 4, 348, 3), 'template_pseudo_beta_mask': (4, 4, 348), 'template_sum_probs': (4, 4, 1), 'true_msa': (4, 508, 348)}
E0403 22:09:52.308675 1387339 pjrt_stream_executor_client.cc:2809] Execution of replica 0 failed: RESOURCE_EXHAUSTED: CUDA driver ran out of memory trying to instantiate CUDA graph with 21 nodes and 0 conditionals (total of 0 alive CUDA graphs in the process). You can try to (a) Give more memory to CUDA driver by reducing XLA_PYTHON_CLIENT_MEM_FRACTION (b) Disable CUDA graph with 'XLA_FLAGS=--xla_gpu_enable_command_buffer=' (empty set). Original error: Failed to instantiate CUDA graph:CUDA_ERROR_OUT_OF_MEMORY: out of memory
E0403 22:10:14.884008 1387339 pjrt_stream_executor_client.cc:2809] Execution of replica 0 failed: RESOURCE_EXHAUSTED: Failed to get module function:CUDA_ERROR_OUT_OF_MEMORY: out of memory
2026-04-03 22:10:16,177 | INFO | Running predict with shape(feat) = {'aatype': (4, 348), 'atom14_atom_exists': (4, 348, 14), 'atom37_atom_exists': (4, 348, 37), 'bert_mask': (4, 508, 348), 'extra_deletion_value': (4, 5120, 348), 'extra_has_deletion': (4, 5120, 348), 'extra_msa': (4, 5120, 348), 'extra_msa_mask': (4, 5120, 348), 'extra_msa_row_mask': (4, 5120), 'is_distillation': (4,), 'msa_feat': (4, 508, 348, 49), 'msa_mask': (4, 508, 348), 'msa_row_mask': (4, 508), 'random_crop_to_size_seed': (4, 2), 'residue_index': (4, 348), 'residx_atom14_to_atom37': (4, 348, 14), 'residx_atom37_to_atom14': (4, 348, 37), 'seq_length': (4,), 'seq_mask': (4, 348), 'target_feat': (4, 348, 22), 'template_aatype': (4, 4, 348), 'template_all_atom_masks': (4, 4, 348, 37), 'template_all_atom_positions': (4, 4, 348, 37, 3), 'template_mask': (4, 4), 'template_pseudo_beta': (4, 4, 348, 3), 'template_pseudo_beta_mask': (4, 4, 348), 'template_sum_probs': (4, 4, 1), 'true_msa': (4, 508, 348)}
slurmstepd: error: *** JOB 4112393 ON acn09 CANCELLED AT 2026-04-03T22:10:34 ***
