============================================
EvoTTT benchmark run
Job ID: 4089410
Node: acn39.karolina.it4i.cz
TTT: steps=20 lr=3e-4 rank=4 blocks=8 alpha=1.0
Python: /scratch/project/open-35-8/pimenol1/miniconda3/envs/alphafold_evottt/bin/python3 (Python 3.11.15)
============================================
[init] jax/numpy imported, jax.devices=[cuda(id=0)]
[init] all imports done
Model: model_1_ptm
TTT: steps=20 lr=0.0003 rank=4 blocks=8 alpha=1.0

[0] 2022-06-18_00000269_1 (len=40, nmsa=1) ...
  Baseline pLDDT: 55.78  (58.9s)
  TTT step   0/20: loss = 0.3992
  TTT step  10/20: loss = 0.3823
  TTT step  19/20: loss = 0.4025
  TTT: 20 steps in 97.4s, loss 0.3992 → 0.4025
  Adapted pLDDT: 55.87  (55.2s)
  Δ pLDDT: +0.08

[1] 2022-05-28_00000126_2 (len=73, nmsa=1) ...
  Baseline pLDDT: 51.54  (69.3s)
  TTT step   0/20: loss = 0.4567
  TTT step  10/20: loss = 0.3762
  TTT step  19/20: loss = 0.3836
  TTT: 20 steps in 137.4s, loss 0.4567 → 0.3836
  Adapted pLDDT: 51.53  (67.3s)
  Δ pLDDT: -0.01

[2] 2022-05-14_00000135_1 (len=90, nmsa=1) ...
  Baseline pLDDT: 44.06  (71.8s)
  TTT step   0/20: loss = 0.2722
  TTT step  10/20: loss = 0.3107
  TTT step  19/20: loss = 0.2108
  TTT: 20 steps in 160.6s, loss 0.2722 → 0.2108
  Adapted pLDDT: 44.21  (70.6s)
  Δ pLDDT: +0.16

=== Summary (3 proteins) ===
Mean Δ pLDDT:   +0.08
Median Δ pLDDT: +0.08
Min / Max:      -0.01 / +0.16
Results saved to /scratch/project/open-35-8/pimenol1/alphafold/evottt_test/outputs/evottt_summary.csv
Job finished.
