Loading defaults from: /scratch/project/open-35-8/pimenol1/alphafold/configs/evottt/default.yaml
============================================
EvoTTT benchmark run
Job ID: 4112583
Node: acn01.karolina.it4i.cz
TTT: steps=20 lr=0.0003 rank=8 blocks=8 alpha=16
Python: /scratch/project/open-35-8/pimenol1/miniconda3/envs/alphafold_evottt/bin/python3 (Python 3.11.15)
============================================
[init] jax/numpy imported, jax.devices=[cuda(id=0)]
[init] all imports done
Model: model_1_ptm
TTT: steps=20 lr=0.0003 rank=8 blocks=8 alpha=16.0

[0] A0A1W6I162 (len=187, nmsa=?) ...
2026-04-03 23:56:27,237 | INFO | Running predict with shape(feat) = {'aatype': (4, 187), 'atom14_atom_exists': (4, 187, 14), 'atom37_atom_exists': (4, 187, 37), 'bert_mask': (4, 508, 187), 'extra_deletion_value': (4, 5120, 187), 'extra_has_deletion': (4, 5120, 187), 'extra_msa': (4, 5120, 187), 'extra_msa_mask': (4, 5120, 187), 'extra_msa_row_mask': (4, 5120), 'is_distillation': (4,), 'msa_feat': (4, 508, 187, 49), 'msa_mask': (4, 508, 187), 'msa_row_mask': (4, 508), 'random_crop_to_size_seed': (4, 2), 'residue_index': (4, 187), 'residx_atom14_to_atom37': (4, 187, 14), 'residx_atom37_to_atom14': (4, 187, 37), 'seq_length': (4,), 'seq_mask': (4, 187), 'target_feat': (4, 187, 22), 'template_aatype': (4, 4, 187), 'template_all_atom_masks': (4, 4, 187, 37), 'template_all_atom_positions': (4, 4, 187, 37, 3), 'template_mask': (4, 4), 'template_pseudo_beta': (4, 4, 187, 3), 'template_pseudo_beta_mask': (4, 4, 187), 'template_sum_probs': (4, 4, 1), 'true_msa': (4, 508, 187)}
2026-04-03 23:57:32,404 | INFO | Output shape was {'aligned_confidence_probs': (187, 187, 64), 'distogram': {'bin_edges': (63,), 'logits': (187, 187, 64)}, 'experimentally_resolved': {'logits': (187, 37)}, 'masked_msa': {'logits': (508, 187, 23)}, 'max_predicted_aligned_error': (), 'plddt': (187,), 'predicted_aligned_error': (187, 187), 'predicted_lddt': {'logits': (187, 50)}, 'ptm': (), 'ranking_confidence': (), 'structure_module': {'final_atom_mask': (187, 37), 'final_atom_positions': (187, 37, 3)}}
  Baseline pLDDT: 26.22  (65.2s)
2026-04-03 23:58:00,559 | INFO | step: 0, loss: None, ttt_step_time: 0.00000, eval_step_time: 26.76093, plddt: 26.47067
E0403 23:59:40.201431 1767553 pjrt_stream_executor_client.cc:2809] Execution of replica 0 failed: RESOURCE_EXHAUSTED: CUDA driver ran out of memory trying to instantiate CUDA graph with 12 nodes and 0 conditionals (total of 0 alive CUDA graphs in the process). You can try to (a) Give more memory to CUDA driver by reducing XLA_PYTHON_CLIENT_MEM_FRACTION (b) Disable CUDA graph with 'XLA_FLAGS=--xla_gpu_enable_command_buffer=' (empty set). Original error: Failed to instantiate CUDA graph:CUDA_ERROR_OUT_OF_MEMORY: out of memory
  TTT failed: RESOURCE_EXHAUSTED: CUDA driver ran out of memory trying to instantiate CUDA graph with 12 nodes and 0 conditionals (total of 0 alive CUDA graphs in the process). You can try to (a) Give more memory to CUDA driver by reducing XLA_PYTHON_CLIENT_MEM_FRACTION (b) Disable CUDA graph with 'XLA_FLAGS=--xla_gpu_enable_command_buffer=' (empty set). Original error: Failed to instantiate CUDA graph:CUDA_ERROR_OUT_OF_MEMORY: out of memory
Job finished.
